Command line invocation:
    /Applications/Xcode.app/Contents/Developer/usr/bin/xcodebuild -project PolyglotReader.xcodeproj -scheme PolyglotReader -destination generic/platform=iOS build

Resolve Package Graph


Resolved source packages:
  swift-asn1: https://github.com/apple/swift-asn1.git @ 1.5.1
  Supabase: https://github.com/supabase-community/supabase-swift.git @ 2.38.1
  swift-clocks: https://github.com/pointfreeco/swift-clocks @ 1.0.6
  swift-concurrency-extras: https://github.com/pointfreeco/swift-concurrency-extras @ 1.3.2
  generative-ai-swift: https://github.com/google/generative-ai-swift.git @ 0.5.6
  swift-crypto: https://github.com/apple/swift-crypto.git @ 4.2.0
  xctest-dynamic-overlay: https://github.com/pointfreeco/xctest-dynamic-overlay @ 1.8.0
  swift-http-types: https://github.com/apple/swift-http-types.git @ 1.5.1

2025-12-25 00:33:41.477 xcodebuild[53468:279181] [MT] IDERunDestination: Supported platforms for the buildables in the current scheme is empty.
ComputePackagePrebuildTargetDependencyGraph

Prepare packages

CreateBuildRequest

SendProjectDescription

CreateBuildOperation

ComputeTargetDependencyGraph
note: Building targets in dependency order
note: Target dependency graph (25 targets)
    Target 'PolyglotReader' in project 'PolyglotReader'
        ➜ Explicit dependency on target 'Supabase' in project 'Supabase'
        ➜ Explicit dependency on target 'GoogleGenerativeAI' in project 'generative-ai-swift'
    Target 'GoogleGenerativeAI' in project 'generative-ai-swift'
        ➜ Explicit dependency on target 'GoogleGenerativeAI' in project 'generative-ai-swift'
    Target 'GoogleGenerativeAI' in project 'generative-ai-swift' (no dependencies)
    Target 'Supabase' in project 'Supabase'
        ➜ Explicit dependency on target 'Supabase' in project 'Supabase'
        ➜ Explicit dependency on target 'Functions' in project 'Supabase'
        ➜ Explicit dependency on target 'PostgREST' in project 'Supabase'
        ➜ Explicit dependency on target 'Auth' in project 'Supabase'
        ➜ Explicit dependency on target 'Realtime' in project 'Supabase'
        ➜ Explicit dependency on target 'Storage' in project 'Supabase'
        ➜ Explicit dependency on target 'Helpers' in project 'Supabase'
        ➜ Explicit dependency on target 'ConcurrencyExtras' in project 'swift-concurrency-extras'
        ➜ Explicit dependency on target 'HTTPTypes' in project 'swift-http-types'
        ➜ Explicit dependency on target 'Clocks' in project 'swift-clocks'
        ➜ Explicit dependency on target 'XCTestDynamicOverlay' in project 'xctest-dynamic-overlay'
        ➜ Explicit dependency on target 'Crypto' in project 'swift-crypto'
        ➜ Explicit dependency on target 'IssueReporting' in project 'xctest-dynamic-overlay'
    Target 'Supabase' in project 'Supabase'
        ➜ Explicit dependency on target 'Helpers' in project 'Supabase'
        ➜ Explicit dependency on target 'Auth' in project 'Supabase'
        ➜ Explicit dependency on target 'Functions' in project 'Supabase'
        ➜ Explicit dependency on target 'PostgREST' in project 'Supabase'
        ➜ Explicit dependency on target 'Realtime' in project 'Supabase'
        ➜ Explicit dependency on target 'Storage' in project 'Supabase'
        ➜ Explicit dependency on target 'ConcurrencyExtras' in project 'swift-concurrency-extras'
        ➜ Explicit dependency on target 'HTTPTypes' in project 'swift-http-types'
        ➜ Explicit dependency on target 'Clocks' in project 'swift-clocks'
        ➜ Explicit dependency on target 'XCTestDynamicOverlay' in project 'xctest-dynamic-overlay'
        ➜ Explicit dependency on target 'Crypto' in project 'swift-crypto'
        ➜ Explicit dependency on target 'IssueReporting' in project 'xctest-dynamic-overlay'
    Target 'Storage' in project 'Supabase'
        ➜ Explicit dependency on target 'Helpers' in project 'Supabase'
        ➜ Explicit dependency on target 'ConcurrencyExtras' in project 'swift-concurrency-extras'
        ➜ Explicit dependency on target 'HTTPTypes' in project 'swift-http-types'
        ➜ Explicit dependency on target 'Clocks' in project 'swift-clocks'
        ➜ Explicit dependency on target 'XCTestDynamicOverlay' in project 'xctest-dynamic-overlay'
    Target 'Realtime' in project 'Supabase'
        ➜ Explicit dependency on target 'Helpers' in project 'Supabase'
        ➜ Explicit dependency on target 'ConcurrencyExtras' in project 'swift-concurrency-extras'
        ➜ Explicit dependency on target 'HTTPTypes' in project 'swift-http-types'
        ➜ Explicit dependency on target 'Clocks' in project 'swift-clocks'
        ➜ Explicit dependency on target 'XCTestDynamicOverlay' in project 'xctest-dynamic-overlay'
        ➜ Explicit dependency on target 'IssueReporting' in project 'xctest-dynamic-overlay'
    Target 'PostgREST' in project 'Supabase'
        ➜ Explicit dependency on target 'Helpers' in project 'Supabase'
        ➜ Explicit dependency on target 'ConcurrencyExtras' in project 'swift-concurrency-extras'
        ➜ Explicit dependency on target 'HTTPTypes' in project 'swift-http-types'
        ➜ Explicit dependency on target 'Clocks' in project 'swift-clocks'
        ➜ Explicit dependency on target 'XCTestDynamicOverlay' in project 'xctest-dynamic-overlay'
    Target 'Functions' in project 'Supabase'
        ➜ Explicit dependency on target 'Helpers' in project 'Supabase'
        ➜ Explicit dependency on target 'ConcurrencyExtras' in project 'swift-concurrency-extras'
        ➜ Explicit dependency on target 'HTTPTypes' in project 'swift-http-types'
        ➜ Explicit dependency on target 'Clocks' in project 'swift-clocks'
        ➜ Explicit dependency on target 'XCTestDynamicOverlay' in project 'xctest-dynamic-overlay'
    Target 'Auth' in project 'Supabase'
        ➜ Explicit dependency on target 'Helpers' in project 'Supabase'
        ➜ Explicit dependency on target 'ConcurrencyExtras' in project 'swift-concurrency-extras'
        ➜ Explicit dependency on target 'HTTPTypes' in project 'swift-http-types'
        ➜ Explicit dependency on target 'Clocks' in project 'swift-clocks'
        ➜ Explicit dependency on target 'XCTestDynamicOverlay' in project 'xctest-dynamic-overlay'
        ➜ Explicit dependency on target 'Crypto' in project 'swift-crypto'
    Target 'Crypto' in project 'swift-crypto'
        ➜ Explicit dependency on target 'Crypto' in project 'swift-crypto'
        ➜ Explicit dependency on target 'swift-crypto_Crypto' in project 'swift-crypto'
    Target 'Crypto' in project 'swift-crypto'
        ➜ Explicit dependency on target 'swift-crypto_Crypto' in project 'swift-crypto'
    Target 'swift-crypto_Crypto' in project 'swift-crypto' (no dependencies)
    Target 'Helpers' in project 'Supabase'
        ➜ Explicit dependency on target 'ConcurrencyExtras' in project 'swift-concurrency-extras'
        ➜ Explicit dependency on target 'HTTPTypes' in project 'swift-http-types'
        ➜ Explicit dependency on target 'Clocks' in project 'swift-clocks'
        ➜ Explicit dependency on target 'XCTestDynamicOverlay' in project 'xctest-dynamic-overlay'
    Target 'XCTestDynamicOverlay' in project 'xctest-dynamic-overlay'
        ➜ Explicit dependency on target 'XCTestDynamicOverlay' in project 'xctest-dynamic-overlay'
        ➜ Explicit dependency on target 'IssueReportingPackageSupport' in project 'xctest-dynamic-overlay'
        ➜ Explicit dependency on target 'IssueReporting' in project 'xctest-dynamic-overlay'
    Target 'XCTestDynamicOverlay' in project 'xctest-dynamic-overlay'
        ➜ Explicit dependency on target 'IssueReportingPackageSupport' in project 'xctest-dynamic-overlay'
        ➜ Explicit dependency on target 'IssueReporting' in project 'xctest-dynamic-overlay'
    Target 'Clocks' in project 'swift-clocks'
        ➜ Explicit dependency on target 'Clocks' in project 'swift-clocks'
        ➜ Explicit dependency on target 'ConcurrencyExtras' in project 'swift-concurrency-extras'
        ➜ Explicit dependency on target 'IssueReporting' in project 'xctest-dynamic-overlay'
    Target 'Clocks' in project 'swift-clocks'
        ➜ Explicit dependency on target 'ConcurrencyExtras' in project 'swift-concurrency-extras'
        ➜ Explicit dependency on target 'IssueReporting' in project 'xctest-dynamic-overlay'
    Target 'IssueReporting' in project 'xctest-dynamic-overlay'
        ➜ Explicit dependency on target 'IssueReporting' in project 'xctest-dynamic-overlay'
        ➜ Explicit dependency on target 'IssueReportingPackageSupport' in project 'xctest-dynamic-overlay'
    Target 'IssueReporting' in project 'xctest-dynamic-overlay'
        ➜ Explicit dependency on target 'IssueReportingPackageSupport' in project 'xctest-dynamic-overlay'
    Target 'IssueReportingPackageSupport' in project 'xctest-dynamic-overlay' (no dependencies)
    Target 'HTTPTypes' in project 'swift-http-types'
        ➜ Explicit dependency on target 'HTTPTypes' in project 'swift-http-types'
    Target 'HTTPTypes' in project 'swift-http-types' (no dependencies)
    Target 'ConcurrencyExtras' in project 'swift-concurrency-extras'
        ➜ Explicit dependency on target 'ConcurrencyExtras' in project 'swift-concurrency-extras'
    Target 'ConcurrencyExtras' in project 'swift-concurrency-extras' (no dependencies)

GatherProvisioningInputs

CreateBuildDescription

ExecuteExternalTool /Applications/Xcode.app/Contents/Developer/Toolchains/XcodeDefault.xctoolchain/usr/bin/swiftc --version

ExecuteExternalTool /Applications/Xcode.app/Contents/Developer/Toolchains/XcodeDefault.xctoolchain/usr/bin/clang -v -E -dM -isysroot /Applications/Xcode.app/Contents/Developer/Platforms/iPhoneOS.platform/Developer/SDKs/iPhoneOS26.2.sdk -x c -c /dev/null

ExecuteExternalTool /Applications/Xcode.app/Contents/Developer/usr/bin/actool --print-asset-tag-combinations --output-format xml1 /Users/sergenunlu/Desktop/acil-antigravity/PolyglotReader/polyglotreaderx/PolyglotReader/PolyglotReader/Assets.xcassets

ExecuteExternalTool /Applications/Xcode.app/Contents/Developer/usr/bin/actool --version --output-format xml1

ExecuteExternalTool /Applications/Xcode.app/Contents/Developer/Toolchains/XcodeDefault.xctoolchain/usr/bin/ld -version_details

ReadFileContents /Applications/Xcode.app/Contents/Developer/Toolchains/XcodeDefault.xctoolchain/usr/share/docc/features.json

Build description signature: e0486a273ca7e098dc42379941f69136
Build description path: /Users/sergenunlu/Library/Developer/Xcode/DerivedData/PolyglotReader-gwklojharaeaydbkqzckxfvzdnfd/Build/Intermediates.noindex/XCBuildData/e0486a273ca7e098dc42379941f69136.xcbuilddata
ClangStatCache /Applications/Xcode.app/Contents/Developer/Toolchains/XcodeDefault.xctoolchain/usr/bin/clang-stat-cache /Applications/Xcode.app/Contents/Developer/Platforms/iPhoneOS.platform/Developer/SDKs/iPhoneOS26.2.sdk /Users/sergenunlu/Library/Developer/Xcode/DerivedData/SDKStatCaches.noindex/iphoneos26.2-23C53-3794476bd08197c3e2abd9bb477ef7f7.sdkstatcache
    cd /Users/sergenunlu/Desktop/acil-antigravity/PolyglotReader/polyglotreaderx/PolyglotReader/PolyglotReader.xcodeproj
    /Applications/Xcode.app/Contents/Developer/Toolchains/XcodeDefault.xctoolchain/usr/bin/clang-stat-cache /Applications/Xcode.app/Contents/Developer/Platforms/iPhoneOS.platform/Developer/SDKs/iPhoneOS26.2.sdk -o /Users/sergenunlu/Library/Developer/Xcode/DerivedData/SDKStatCaches.noindex/iphoneos26.2-23C53-3794476bd08197c3e2abd9bb477ef7f7.sdkstatcache

SwiftDriver PolyglotReader normal arm64 com.apple.xcode.tools.swift.compiler (in target 'PolyglotReader' from project 'PolyglotReader')
    cd /Users/sergenunlu/Desktop/acil-antigravity/PolyglotReader/polyglotreaderx/PolyglotReader
    builtin-SwiftDriver -- /Applications/Xcode.app/Contents/Developer/Toolchains/XcodeDefault.xctoolchain/usr/bin/swiftc -module-name PolyglotReader -Onone -enforce-exclusivity\=checked @/Users/sergenunlu/Library/Developer/Xcode/DerivedData/PolyglotReader-gwklojharaeaydbkqzckxfvzdnfd/Build/Intermediates.noindex/PolyglotReader.build/Debug-iphoneos/PolyglotReader.build/Objects-normal/arm64/PolyglotReader.SwiftFileList -DDEBUG -default-isolation\=MainActor -enable-bare-slash-regex -enable-upcoming-feature DisableOutwardActorInference -enable-upcoming-feature InferSendableFromCaptures -enable-upcoming-feature GlobalActorIsolatedTypesUsability -enable-upcoming-feature MemberImportVisibility -enable-upcoming-feature InferIsolatedConformances -enable-upcoming-feature NonisolatedNonsendingByDefault -enable-experimental-feature DebugDescriptionMacro -sdk /Applications/Xcode.app/Contents/Developer/Platforms/iPhoneOS.platform/Developer/SDKs/iPhoneOS26.2.sdk -target arm64-apple-ios16.6 -g -module-cache-path /Users/sergenunlu/Library/Developer/Xcode/DerivedData/ModuleCache.noindex -Xfrontend -serialize-debugging-options -enable-testing -index-store-path /Users/sergenunlu/Library/Developer/Xcode/DerivedData/PolyglotReader-gwklojharaeaydbkqzckxfvzdnfd/Index.noindex/DataStore -Xcc -D_LIBCPP_HARDENING_MODE\=_LIBCPP_HARDENING_MODE_DEBUG -swift-version 5 -I /Users/sergenunlu/Library/Developer/Xcode/DerivedData/PolyglotReader-gwklojharaeaydbkqzckxfvzdnfd/Build/Products/Debug-iphoneos -F /Users/sergenunlu/Library/Developer/Xcode/DerivedData/PolyglotReader-gwklojharaeaydbkqzckxfvzdnfd/Build/Products/Debug-iphoneos/PackageFrameworks -F /Users/sergenunlu/Library/Developer/Xcode/DerivedData/PolyglotReader-gwklojharaeaydbkqzckxfvzdnfd/Build/Products/Debug-iphoneos/PackageFrameworks -F /Users/sergenunlu/Library/Developer/Xcode/DerivedData/PolyglotReader-gwklojharaeaydbkqzckxfvzdnfd/Build/Products/Debug-iphoneos/PackageFrameworks -F /Users/sergenunlu/Library/Developer/Xcode/DerivedData/PolyglotReader-gwklojharaeaydbkqzckxfvzdnfd/Build/Products/Debug-iphoneos/PackageFrameworks -F /Users/sergenunlu/Library/Developer/Xcode/DerivedData/PolyglotReader-gwklojharaeaydbkqzckxfvzdnfd/Build/Products/Debug-iphoneos/PackageFrameworks -F /Users/sergenunlu/Library/Developer/Xcode/DerivedData/PolyglotReader-gwklojharaeaydbkqzckxfvzdnfd/Build/Products/Debug-iphoneos/PackageFrameworks -F /Users/sergenunlu/Library/Developer/Xcode/DerivedData/PolyglotReader-gwklojharaeaydbkqzckxfvzdnfd/Build/Products/Debug-iphoneos/PackageFrameworks -F /Users/sergenunlu/Library/Developer/Xcode/DerivedData/PolyglotReader-gwklojharaeaydbkqzckxfvzdnfd/Build/Products/Debug-iphoneos/PackageFrameworks -F /Users/sergenunlu/Library/Developer/Xcode/DerivedData/PolyglotReader-gwklojharaeaydbkqzckxfvzdnfd/Build/Products/Debug-iphoneos/PackageFrameworks -F /Users/sergenunlu/Library/Developer/Xcode/DerivedData/PolyglotReader-gwklojharaeaydbkqzckxfvzdnfd/Build/Products/Debug-iphoneos/PackageFrameworks -F /Users/sergenunlu/Library/Developer/Xcode/DerivedData/PolyglotReader-gwklojharaeaydbkqzckxfvzdnfd/Build/Products/Debug-iphoneos/PackageFrameworks -F /Users/sergenunlu/Library/Developer/Xcode/DerivedData/PolyglotReader-gwklojharaeaydbkqzckxfvzdnfd/Build/Products/Debug-iphoneos/PackageFrameworks -F /Users/sergenunlu/Library/Developer/Xcode/DerivedData/PolyglotReader-gwklojharaeaydbkqzckxfvzdnfd/Build/Products/Debug-iphoneos/PackageFrameworks -F /Users/sergenunlu/Library/Developer/Xcode/DerivedData/PolyglotReader-gwklojharaeaydbkqzckxfvzdnfd/Build/Products/Debug-iphoneos/PackageFrameworks -F /Users/sergenunlu/Library/Developer/Xcode/DerivedData/PolyglotReader-gwklojharaeaydbkqzckxfvzdnfd/Build/Products/Debug-iphoneos/PackageFrameworks -F /Users/sergenunlu/Library/Developer/Xcode/DerivedData/PolyglotReader-gwklojharaeaydbkqzckxfvzdnfd/Build/Products/Debug-iphoneos -emit-localized-strings -emit-localized-strings-path /Users/sergenunlu/Library/Developer/Xcode/DerivedData/PolyglotReader-gwklojharaeaydbkqzckxfvzdnfd/Build/Intermediates.noindex/PolyglotReader.build/Debug-iphoneos/PolyglotReader.build/Objects-normal/arm64 -c -j8 -enable-batch-mode -incremental -Xcc -ivfsstatcache -Xcc /Users/sergenunlu/Library/Developer/Xcode/DerivedData/SDKStatCaches.noindex/iphoneos26.2-23C53-3794476bd08197c3e2abd9bb477ef7f7.sdkstatcache -output-file-map /Users/sergenunlu/Library/Developer/Xcode/DerivedData/PolyglotReader-gwklojharaeaydbkqzckxfvzdnfd/Build/Intermediates.noindex/PolyglotReader.build/Debug-iphoneos/PolyglotReader.build/Objects-normal/arm64/PolyglotReader-OutputFileMap.json -use-frontend-parseable-output -save-temps -no-color-diagnostics -explicit-module-build -module-cache-path /Users/sergenunlu/Library/Developer/Xcode/DerivedData/PolyglotReader-gwklojharaeaydbkqzckxfvzdnfd/Build/Intermediates.noindex/SwiftExplicitPrecompiledModules -clang-scanner-module-cache-path /Users/sergenunlu/Library/Developer/Xcode/DerivedData/ModuleCache.noindex -sdk-module-cache-path /Users/sergenunlu/Library/Developer/Xcode/DerivedData/ModuleCache.noindex -serialize-diagnostics -emit-dependencies -emit-module -emit-module-path /Users/sergenunlu/Library/Developer/Xcode/DerivedData/PolyglotReader-gwklojharaeaydbkqzckxfvzdnfd/Build/Intermediates.noindex/PolyglotReader.build/Debug-iphoneos/PolyglotReader.build/Objects-normal/arm64/PolyglotReader.swiftmodule -validate-clang-modules-once -clang-build-session-file /Users/sergenunlu/Library/Developer/Xcode/DerivedData/ModuleCache.noindex/Session.modulevalidation -Xcc -I/Users/sergenunlu/Library/Developer/Xcode/DerivedData/PolyglotReader-gwklojharaeaydbkqzckxfvzdnfd/Build/Intermediates.noindex/PolyglotReader.build/Debug-iphoneos/PolyglotReader.build/swift-overrides.hmap -emit-const-values -Xfrontend -const-gather-protocols-file -Xfrontend /Users/sergenunlu/Library/Developer/Xcode/DerivedData/PolyglotReader-gwklojharaeaydbkqzckxfvzdnfd/Build/Intermediates.noindex/PolyglotReader.build/Debug-iphoneos/PolyglotReader.build/Objects-normal/arm64/PolyglotReader_const_extract_protocols.json -Xcc -iquote -Xcc /Users/sergenunlu/Library/Developer/Xcode/DerivedData/PolyglotReader-gwklojharaeaydbkqzckxfvzdnfd/Build/Intermediates.noindex/PolyglotReader.build/Debug-iphoneos/PolyglotReader.build/PolyglotReader-generated-files.hmap -Xcc -I/Users/sergenunlu/Library/Developer/Xcode/DerivedData/PolyglotReader-gwklojharaeaydbkqzckxfvzdnfd/Build/Intermediates.noindex/PolyglotReader.build/Debug-iphoneos/PolyglotReader.build/PolyglotReader-own-target-headers.hmap -Xcc -I/Users/sergenunlu/Library/Developer/Xcode/DerivedData/PolyglotReader-gwklojharaeaydbkqzckxfvzdnfd/Build/Intermediates.noindex/PolyglotReader.build/Debug-iphoneos/PolyglotReader.build/PolyglotReader-all-non-framework-target-headers.hmap -Xcc -ivfsoverlay -Xcc /Users/sergenunlu/Library/Developer/Xcode/DerivedData/PolyglotReader-gwklojharaeaydbkqzckxfvzdnfd/Build/Intermediates.noindex/PolyglotReader.build/Debug-iphoneos/PolyglotReader-a602da3bad5f46d05f1f0c14fbb25681-VFS-iphoneos/all-product-headers.yaml -Xcc -iquote -Xcc /Users/sergenunlu/Library/Developer/Xcode/DerivedData/PolyglotReader-gwklojharaeaydbkqzckxfvzdnfd/Build/Intermediates.noindex/PolyglotReader.build/Debug-iphoneos/PolyglotReader.build/PolyglotReader-project-headers.hmap -Xcc -I/Users/sergenunlu/Library/Developer/Xcode/DerivedData/PolyglotReader-gwklojharaeaydbkqzckxfvzdnfd/Build/Products/Debug-iphoneos/include -Xcc -I/Users/sergenunlu/Library/Developer/Xcode/DerivedData/PolyglotReader-gwklojharaeaydbkqzckxfvzdnfd/Build/Intermediates.noindex/PolyglotReader.build/Debug-iphoneos/PolyglotReader.build/DerivedSources-normal/arm64 -Xcc -I/Users/sergenunlu/Library/Developer/Xcode/DerivedData/PolyglotReader-gwklojharaeaydbkqzckxfvzdnfd/Build/Intermediates.noindex/PolyglotReader.build/Debug-iphoneos/PolyglotReader.build/DerivedSources/arm64 -Xcc -I/Users/sergenunlu/Library/Developer/Xcode/DerivedData/PolyglotReader-gwklojharaeaydbkqzckxfvzdnfd/Build/Intermediates.noindex/PolyglotReader.build/Debug-iphoneos/PolyglotReader.build/DerivedSources -Xcc -DDEBUG\=1 -emit-objc-header -emit-objc-header-path /Users/sergenunlu/Library/Developer/Xcode/DerivedData/PolyglotReader-gwklojharaeaydbkqzckxfvzdnfd/Build/Intermediates.noindex/PolyglotReader.build/Debug-iphoneos/PolyglotReader.build/Objects-normal/arm64/PolyglotReader-Swift.h -working-directory /Users/sergenunlu/Desktop/acil-antigravity/PolyglotReader/polyglotreaderx/PolyglotReader -experimental-emit-module-separately -disable-cmo

ProcessInfoPlistFile /Users/sergenunlu/Library/Developer/Xcode/DerivedData/PolyglotReader-gwklojharaeaydbkqzckxfvzdnfd/Build/Products/Debug-iphoneos/swift-crypto_Crypto.bundle/Info.plist /Users/sergenunlu/Library/Developer/Xcode/DerivedData/PolyglotReader-gwklojharaeaydbkqzckxfvzdnfd/Build/Intermediates.noindex/swift-crypto.build/Debug-iphoneos/swift-crypto_Crypto.build/empty-swift-crypto_Crypto.plist (in target 'swift-crypto_Crypto' from project 'swift-crypto')
    cd /Users/sergenunlu/Library/Developer/Xcode/DerivedData/PolyglotReader-gwklojharaeaydbkqzckxfvzdnfd/SourcePackages/checkouts/swift-crypto
    builtin-infoPlistUtility /Users/sergenunlu/Library/Developer/Xcode/DerivedData/PolyglotReader-gwklojharaeaydbkqzckxfvzdnfd/Build/Intermediates.noindex/swift-crypto.build/Debug-iphoneos/swift-crypto_Crypto.build/empty-swift-crypto_Crypto.plist -producttype com.apple.product-type.bundle -expandbuildsettings -format binary -platform iphoneos -requiredArchitecture arm64 -o /Users/sergenunlu/Library/Developer/Xcode/DerivedData/PolyglotReader-gwklojharaeaydbkqzckxfvzdnfd/Build/Products/Debug-iphoneos/swift-crypto_Crypto.bundle/Info.plist

RegisterExecutionPolicyException /Users/sergenunlu/Library/Developer/Xcode/DerivedData/PolyglotReader-gwklojharaeaydbkqzckxfvzdnfd/Build/Products/Debug-iphoneos/Auth.o (in target 'Auth' from project 'Supabase')
    cd /Users/sergenunlu/Library/Developer/Xcode/DerivedData/PolyglotReader-gwklojharaeaydbkqzckxfvzdnfd/SourcePackages/checkouts/supabase-swift
    builtin-RegisterExecutionPolicyException /Users/sergenunlu/Library/Developer/Xcode/DerivedData/PolyglotReader-gwklojharaeaydbkqzckxfvzdnfd/Build/Products/Debug-iphoneos/Auth.o

ExtractAppIntentsMetadata (in target 'Functions' from project 'Supabase')
    cd /Users/sergenunlu/Library/Developer/Xcode/DerivedData/PolyglotReader-gwklojharaeaydbkqzckxfvzdnfd/SourcePackages/checkouts/supabase-swift
    /Applications/Xcode.app/Contents/Developer/Toolchains/XcodeDefault.xctoolchain/usr/bin/appintentsmetadataprocessor --toolchain-dir /Applications/Xcode.app/Contents/Developer/Toolchains/XcodeDefault.xctoolchain --module-name Functions --sdk-root /Applications/Xcode.app/Contents/Developer/Platforms/iPhoneOS.platform/Developer/SDKs/iPhoneOS26.2.sdk --xcode-version 17C52 --platform-family iOS --deployment-target 13.0 --bundle-identifier supabase-swift.Functions --output /Users/sergenunlu/Library/Developer/Xcode/DerivedData/PolyglotReader-gwklojharaeaydbkqzckxfvzdnfd/Build/Products/Debug-iphoneos/Functions.appintents --target-triple arm64-apple-ios13.0 --binary-file /Users/sergenunlu/Library/Developer/Xcode/DerivedData/PolyglotReader-gwklojharaeaydbkqzckxfvzdnfd/Build/Products/Debug-iphoneos/Functions.o --dependency-file /Users/sergenunlu/Library/Developer/Xcode/DerivedData/PolyglotReader-gwklojharaeaydbkqzckxfvzdnfd/Build/Intermediates.noindex/Supabase.build/Debug-iphoneos/Functions.build/Objects-normal/arm64/Functions_dependency_info.dat --stringsdata-file /Users/sergenunlu/Library/Developer/Xcode/DerivedData/PolyglotReader-gwklojharaeaydbkqzckxfvzdnfd/Build/Intermediates.noindex/Supabase.build/Debug-iphoneos/Functions.build/Objects-normal/arm64/ExtractedAppShortcutsMetadata.stringsdata --source-file-list /Users/sergenunlu/Library/Developer/Xcode/DerivedData/PolyglotReader-gwklojharaeaydbkqzckxfvzdnfd/Build/Intermediates.noindex/Supabase.build/Debug-iphoneos/Functions.build/Objects-normal/arm64/Functions.SwiftFileList --metadata-file-list /Users/sergenunlu/Library/Developer/Xcode/DerivedData/PolyglotReader-gwklojharaeaydbkqzckxfvzdnfd/Build/Intermediates.noindex/Supabase.build/Debug-iphoneos/Functions.build/Functions.DependencyMetadataFileList --static-metadata-file-list /Users/sergenunlu/Library/Developer/Xcode/DerivedData/PolyglotReader-gwklojharaeaydbkqzckxfvzdnfd/Build/Intermediates.noindex/Supabase.build/Debug-iphoneos/Functions.build/Functions.DependencyStaticMetadataFileList --swift-const-vals-list /Users/sergenunlu/Library/Developer/Xcode/DerivedData/PolyglotReader-gwklojharaeaydbkqzckxfvzdnfd/Build/Intermediates.noindex/Supabase.build/Debug-iphoneos/Functions.build/Objects-normal/arm64/Functions.SwiftConstValuesFileList --force --compile-time-extraction --deployment-aware-processing --validate-assistant-intents --no-app-shortcuts-localization
2025-12-25 00:33:43.588 appintentsmetadataprocessor[53526:279464] Starting appintentsmetadataprocessor export
2025-12-25 00:33:43.687 appintentsmetadataprocessor[53526:279464] Extracted no relevant App Intents symbols, skipping writing output

RegisterExecutionPolicyException /Users/sergenunlu/Library/Developer/Xcode/DerivedData/PolyglotReader-gwklojharaeaydbkqzckxfvzdnfd/Build/Products/Debug-iphoneos/Functions.o (in target 'Functions' from project 'Supabase')
    cd /Users/sergenunlu/Library/Developer/Xcode/DerivedData/PolyglotReader-gwklojharaeaydbkqzckxfvzdnfd/SourcePackages/checkouts/supabase-swift
    builtin-RegisterExecutionPolicyException /Users/sergenunlu/Library/Developer/Xcode/DerivedData/PolyglotReader-gwklojharaeaydbkqzckxfvzdnfd/Build/Products/Debug-iphoneos/Functions.o

ExtractAppIntentsMetadata (in target 'PostgREST' from project 'Supabase')
    cd /Users/sergenunlu/Library/Developer/Xcode/DerivedData/PolyglotReader-gwklojharaeaydbkqzckxfvzdnfd/SourcePackages/checkouts/supabase-swift
    /Applications/Xcode.app/Contents/Developer/Toolchains/XcodeDefault.xctoolchain/usr/bin/appintentsmetadataprocessor --toolchain-dir /Applications/Xcode.app/Contents/Developer/Toolchains/XcodeDefault.xctoolchain --module-name PostgREST --sdk-root /Applications/Xcode.app/Contents/Developer/Platforms/iPhoneOS.platform/Developer/SDKs/iPhoneOS26.2.sdk --xcode-version 17C52 --platform-family iOS --deployment-target 13.0 --bundle-identifier supabase-swift.PostgREST --output /Users/sergenunlu/Library/Developer/Xcode/DerivedData/PolyglotReader-gwklojharaeaydbkqzckxfvzdnfd/Build/Products/Debug-iphoneos/PostgREST.appintents --target-triple arm64-apple-ios13.0 --binary-file /Users/sergenunlu/Library/Developer/Xcode/DerivedData/PolyglotReader-gwklojharaeaydbkqzckxfvzdnfd/Build/Products/Debug-iphoneos/PostgREST.o --dependency-file /Users/sergenunlu/Library/Developer/Xcode/DerivedData/PolyglotReader-gwklojharaeaydbkqzckxfvzdnfd/Build/Intermediates.noindex/Supabase.build/Debug-iphoneos/PostgREST.build/Objects-normal/arm64/PostgREST_dependency_info.dat --stringsdata-file /Users/sergenunlu/Library/Developer/Xcode/DerivedData/PolyglotReader-gwklojharaeaydbkqzckxfvzdnfd/Build/Intermediates.noindex/Supabase.build/Debug-iphoneos/PostgREST.build/Objects-normal/arm64/ExtractedAppShortcutsMetadata.stringsdata --source-file-list /Users/sergenunlu/Library/Developer/Xcode/DerivedData/PolyglotReader-gwklojharaeaydbkqzckxfvzdnfd/Build/Intermediates.noindex/Supabase.build/Debug-iphoneos/PostgREST.build/Objects-normal/arm64/PostgREST.SwiftFileList --metadata-file-list /Users/sergenunlu/Library/Developer/Xcode/DerivedData/PolyglotReader-gwklojharaeaydbkqzckxfvzdnfd/Build/Intermediates.noindex/Supabase.build/Debug-iphoneos/PostgREST.build/PostgREST.DependencyMetadataFileList --static-metadata-file-list /Users/sergenunlu/Library/Developer/Xcode/DerivedData/PolyglotReader-gwklojharaeaydbkqzckxfvzdnfd/Build/Intermediates.noindex/Supabase.build/Debug-iphoneos/PostgREST.build/PostgREST.DependencyStaticMetadataFileList --swift-const-vals-list /Users/sergenunlu/Library/Developer/Xcode/DerivedData/PolyglotReader-gwklojharaeaydbkqzckxfvzdnfd/Build/Intermediates.noindex/Supabase.build/Debug-iphoneos/PostgREST.build/Objects-normal/arm64/PostgREST.SwiftConstValuesFileList --force --compile-time-extraction --deployment-aware-processing --validate-assistant-intents --no-app-shortcuts-localization
2025-12-25 00:33:43.724 appintentsmetadataprocessor[53532:279488] Starting appintentsmetadataprocessor export
2025-12-25 00:33:43.924 appintentsmetadataprocessor[53532:279488] Extracted no relevant App Intents symbols, skipping writing output

RegisterExecutionPolicyException /Users/sergenunlu/Library/Developer/Xcode/DerivedData/PolyglotReader-gwklojharaeaydbkqzckxfvzdnfd/Build/Products/Debug-iphoneos/PostgREST.o (in target 'PostgREST' from project 'Supabase')
    cd /Users/sergenunlu/Library/Developer/Xcode/DerivedData/PolyglotReader-gwklojharaeaydbkqzckxfvzdnfd/SourcePackages/checkouts/supabase-swift
    builtin-RegisterExecutionPolicyException /Users/sergenunlu/Library/Developer/Xcode/DerivedData/PolyglotReader-gwklojharaeaydbkqzckxfvzdnfd/Build/Products/Debug-iphoneos/PostgREST.o

ExtractAppIntentsMetadata (in target 'Realtime' from project 'Supabase')
    cd /Users/sergenunlu/Library/Developer/Xcode/DerivedData/PolyglotReader-gwklojharaeaydbkqzckxfvzdnfd/SourcePackages/checkouts/supabase-swift
    /Applications/Xcode.app/Contents/Developer/Toolchains/XcodeDefault.xctoolchain/usr/bin/appintentsmetadataprocessor --toolchain-dir /Applications/Xcode.app/Contents/Developer/Toolchains/XcodeDefault.xctoolchain --module-name Realtime --sdk-root /Applications/Xcode.app/Contents/Developer/Platforms/iPhoneOS.platform/Developer/SDKs/iPhoneOS26.2.sdk --xcode-version 17C52 --platform-family iOS --deployment-target 13.0 --bundle-identifier supabase-swift.Realtime --output /Users/sergenunlu/Library/Developer/Xcode/DerivedData/PolyglotReader-gwklojharaeaydbkqzckxfvzdnfd/Build/Products/Debug-iphoneos/Realtime.appintents --target-triple arm64-apple-ios13.0 --binary-file /Users/sergenunlu/Library/Developer/Xcode/DerivedData/PolyglotReader-gwklojharaeaydbkqzckxfvzdnfd/Build/Products/Debug-iphoneos/Realtime.o --dependency-file /Users/sergenunlu/Library/Developer/Xcode/DerivedData/PolyglotReader-gwklojharaeaydbkqzckxfvzdnfd/Build/Intermediates.noindex/Supabase.build/Debug-iphoneos/Realtime.build/Objects-normal/arm64/Realtime_dependency_info.dat --stringsdata-file /Users/sergenunlu/Library/Developer/Xcode/DerivedData/PolyglotReader-gwklojharaeaydbkqzckxfvzdnfd/Build/Intermediates.noindex/Supabase.build/Debug-iphoneos/Realtime.build/Objects-normal/arm64/ExtractedAppShortcutsMetadata.stringsdata --source-file-list /Users/sergenunlu/Library/Developer/Xcode/DerivedData/PolyglotReader-gwklojharaeaydbkqzckxfvzdnfd/Build/Intermediates.noindex/Supabase.build/Debug-iphoneos/Realtime.build/Objects-normal/arm64/Realtime.SwiftFileList --metadata-file-list /Users/sergenunlu/Library/Developer/Xcode/DerivedData/PolyglotReader-gwklojharaeaydbkqzckxfvzdnfd/Build/Intermediates.noindex/Supabase.build/Debug-iphoneos/Realtime.build/Realtime.DependencyMetadataFileList --static-metadata-file-list /Users/sergenunlu/Library/Developer/Xcode/DerivedData/PolyglotReader-gwklojharaeaydbkqzckxfvzdnfd/Build/Intermediates.noindex/Supabase.build/Debug-iphoneos/Realtime.build/Realtime.DependencyStaticMetadataFileList --swift-const-vals-list /Users/sergenunlu/Library/Developer/Xcode/DerivedData/PolyglotReader-gwklojharaeaydbkqzckxfvzdnfd/Build/Intermediates.noindex/Supabase.build/Debug-iphoneos/Realtime.build/Objects-normal/arm64/Realtime.SwiftConstValuesFileList --force --compile-time-extraction --deployment-aware-processing --validate-assistant-intents --no-app-shortcuts-localization
2025-12-25 00:33:43.964 appintentsmetadataprocessor[53533:279494] Starting appintentsmetadataprocessor export
2025-12-25 00:33:44.063 appintentsmetadataprocessor[53533:279494] Extracted no relevant App Intents symbols, skipping writing output

RegisterExecutionPolicyException /Users/sergenunlu/Library/Developer/Xcode/DerivedData/PolyglotReader-gwklojharaeaydbkqzckxfvzdnfd/Build/Products/Debug-iphoneos/Realtime.o (in target 'Realtime' from project 'Supabase')
    cd /Users/sergenunlu/Library/Developer/Xcode/DerivedData/PolyglotReader-gwklojharaeaydbkqzckxfvzdnfd/SourcePackages/checkouts/supabase-swift
    builtin-RegisterExecutionPolicyException /Users/sergenunlu/Library/Developer/Xcode/DerivedData/PolyglotReader-gwklojharaeaydbkqzckxfvzdnfd/Build/Products/Debug-iphoneos/Realtime.o

ExtractAppIntentsMetadata (in target 'Storage' from project 'Supabase')
    cd /Users/sergenunlu/Library/Developer/Xcode/DerivedData/PolyglotReader-gwklojharaeaydbkqzckxfvzdnfd/SourcePackages/checkouts/supabase-swift
    /Applications/Xcode.app/Contents/Developer/Toolchains/XcodeDefault.xctoolchain/usr/bin/appintentsmetadataprocessor --toolchain-dir /Applications/Xcode.app/Contents/Developer/Toolchains/XcodeDefault.xctoolchain --module-name Storage --sdk-root /Applications/Xcode.app/Contents/Developer/Platforms/iPhoneOS.platform/Developer/SDKs/iPhoneOS26.2.sdk --xcode-version 17C52 --platform-family iOS --deployment-target 13.0 --bundle-identifier supabase-swift.Storage --output /Users/sergenunlu/Library/Developer/Xcode/DerivedData/PolyglotReader-gwklojharaeaydbkqzckxfvzdnfd/Build/Products/Debug-iphoneos/Storage.appintents --target-triple arm64-apple-ios13.0 --binary-file /Users/sergenunlu/Library/Developer/Xcode/DerivedData/PolyglotReader-gwklojharaeaydbkqzckxfvzdnfd/Build/Products/Debug-iphoneos/Storage.o --dependency-file /Users/sergenunlu/Library/Developer/Xcode/DerivedData/PolyglotReader-gwklojharaeaydbkqzckxfvzdnfd/Build/Intermediates.noindex/Supabase.build/Debug-iphoneos/Storage.build/Objects-normal/arm64/Storage_dependency_info.dat --stringsdata-file /Users/sergenunlu/Library/Developer/Xcode/DerivedData/PolyglotReader-gwklojharaeaydbkqzckxfvzdnfd/Build/Intermediates.noindex/Supabase.build/Debug-iphoneos/Storage.build/Objects-normal/arm64/ExtractedAppShortcutsMetadata.stringsdata --source-file-list /Users/sergenunlu/Library/Developer/Xcode/DerivedData/PolyglotReader-gwklojharaeaydbkqzckxfvzdnfd/Build/Intermediates.noindex/Supabase.build/Debug-iphoneos/Storage.build/Objects-normal/arm64/Storage.SwiftFileList --metadata-file-list /Users/sergenunlu/Library/Developer/Xcode/DerivedData/PolyglotReader-gwklojharaeaydbkqzckxfvzdnfd/Build/Intermediates.noindex/Supabase.build/Debug-iphoneos/Storage.build/Storage.DependencyMetadataFileList --static-metadata-file-list /Users/sergenunlu/Library/Developer/Xcode/DerivedData/PolyglotReader-gwklojharaeaydbkqzckxfvzdnfd/Build/Intermediates.noindex/Supabase.build/Debug-iphoneos/Storage.build/Storage.DependencyStaticMetadataFileList --swift-const-vals-list /Users/sergenunlu/Library/Developer/Xcode/DerivedData/PolyglotReader-gwklojharaeaydbkqzckxfvzdnfd/Build/Intermediates.noindex/Supabase.build/Debug-iphoneos/Storage.build/Objects-normal/arm64/Storage.SwiftConstValuesFileList --force --compile-time-extraction --deployment-aware-processing --validate-assistant-intents --no-app-shortcuts-localization
2025-12-25 00:33:44.092 appintentsmetadataprocessor[53534:279497] Starting appintentsmetadataprocessor export
2025-12-25 00:33:44.234 appintentsmetadataprocessor[53534:279497] Extracted no relevant App Intents symbols, skipping writing output

SwiftCompile normal arm64 Compiling\ PDFImageDetector.swift /Users/sergenunlu/Desktop/acil-antigravity/PolyglotReader/polyglotreaderx/PolyglotReader/PolyglotReader/Services/PDFImageDetector.swift (in target 'PolyglotReader' from project 'PolyglotReader')
SwiftCompile normal arm64 /Users/sergenunlu/Desktop/acil-antigravity/PolyglotReader/polyglotreaderx/PolyglotReader/PolyglotReader/Services/PDFImageDetector.swift (in target 'PolyglotReader' from project 'PolyglotReader')
    cd /Users/sergenunlu/Desktop/acil-antigravity/PolyglotReader/polyglotreaderx/PolyglotReader
    
/Users/sergenunlu/Desktop/acil-antigravity/PolyglotReader/polyglotreaderx/PolyglotReader/PolyglotReader/Services/PDFImageDetector.swift:112:17: warning: variable 'components' was never used; consider replacing with '_' or removing it
            var components: [Int: [CGRect]] = [:] // Component ID -> Rects
                ^~~~~~~~~~
                _
/Users/sergenunlu/Desktop/acil-antigravity/PolyglotReader/polyglotreaderx/PolyglotReader/PolyglotReader/Services/PDFImageDetector.swift:190:25: warning: initialization of immutable value 'dist' was never used; consider replacing with assignment to '_' or removing it
                    let dist = hypot(center.x - point.x, center.y - point.y)
                    ~~~~^~~~
                    _

SwiftCompile normal arm64 Compiling\ LibraryViewModel.swift /Users/sergenunlu/Desktop/acil-antigravity/PolyglotReader/polyglotreaderx/PolyglotReader/PolyglotReader/ViewModels/LibraryViewModel.swift (in target 'PolyglotReader' from project 'PolyglotReader')
SwiftCompile normal arm64 /Users/sergenunlu/Desktop/acil-antigravity/PolyglotReader/polyglotreaderx/PolyglotReader/PolyglotReader/ViewModels/LibraryViewModel.swift (in target 'PolyglotReader' from project 'PolyglotReader')
    cd /Users/sergenunlu/Desktop/acil-antigravity/PolyglotReader/polyglotreaderx/PolyglotReader
    

SwiftCompile normal arm64 Compiling\ AuthView.swift /Users/sergenunlu/Desktop/acil-antigravity/PolyglotReader/polyglotreaderx/PolyglotReader/PolyglotReader/Views/Auth/AuthView.swift (in target 'PolyglotReader' from project 'PolyglotReader')

SwiftCompile normal arm64 /Users/sergenunlu/Desktop/acil-antigravity/PolyglotReader/polyglotreaderx/PolyglotReader/PolyglotReader/Views/Auth/AuthView.swift (in target 'PolyglotReader' from project 'PolyglotReader')
    cd /Users/sergenunlu/Desktop/acil-antigravity/PolyglotReader/polyglotreaderx/PolyglotReader
    

SwiftCompile normal arm64 Compiling\ LibraryView.swift /Users/sergenunlu/Desktop/acil-antigravity/PolyglotReader/polyglotreaderx/PolyglotReader/PolyglotReader/Views/Library/LibraryView.swift (in target 'PolyglotReader' from project 'PolyglotReader')
SwiftCompile normal arm64 /Users/sergenunlu/Desktop/acil-antigravity/PolyglotReader/polyglotreaderx/PolyglotReader/PolyglotReader/Views/Library/LibraryView.swift (in target 'PolyglotReader' from project 'PolyglotReader')
    cd /Users/sergenunlu/Desktop/acil-antigravity/PolyglotReader/polyglotreaderx/PolyglotReader
    

SwiftCompile normal arm64 Compiling\ PolyglotReaderApp.swift /Users/sergenunlu/Desktop/acil-antigravity/PolyglotReader/polyglotreaderx/PolyglotReader/PolyglotReader/App/PolyglotReaderApp.swift (in target 'PolyglotReader' from project 'PolyglotReader')

SwiftCompile normal arm64 /Users/sergenunlu/Desktop/acil-antigravity/PolyglotReader/polyglotreaderx/PolyglotReader/PolyglotReader/App/PolyglotReaderApp.swift (in target 'PolyglotReader' from project 'PolyglotReader')
    cd /Users/sergenunlu/Desktop/acil-antigravity/PolyglotReader/polyglotreaderx/PolyglotReader
    

SwiftEmitModule normal arm64 Emitting\ module\ for\ PolyglotReader (in target 'PolyglotReader' from project 'PolyglotReader')
EmitSwiftModule normal arm64 (in target 'PolyglotReader' from project 'PolyglotReader')
    cd /Users/sergenunlu/Desktop/acil-antigravity/PolyglotReader/polyglotreaderx/PolyglotReader
    
/Users/sergenunlu/Desktop/acil-antigravity/PolyglotReader/polyglotreaderx/PolyglotReader/PolyglotReader/Services/RAGService.swift:209:82: warning: main actor-isolated static property 'topK' can not be referenced from a nonisolated context
    func searchRelevantChunks(query: String, fileId: UUID, topK: Int = RAGConfig.topK) async throws -> [DocumentChunk] {
                                                                                 ^
/Users/sergenunlu/Desktop/acil-antigravity/PolyglotReader/polyglotreaderx/PolyglotReader/PolyglotReader/Services/RAGService.swift:8:16: note: static property declared here
    static let topK = 5                 // Arama sonucu chunk sayısı

SwiftCompile normal arm64 Compiling\ GeminiService.swift /Users/sergenunlu/Desktop/acil-antigravity/PolyglotReader/polyglotreaderx/PolyglotReader/PolyglotReader/Services/GeminiService.swift (in target 'PolyglotReader' from project 'PolyglotReader')

SwiftCompile normal arm64 /Users/sergenunlu/Desktop/acil-antigravity/PolyglotReader/polyglotreaderx/PolyglotReader/PolyglotReader/Services/GeminiService.swift (in target 'PolyglotReader' from project 'PolyglotReader')
    cd /Users/sergenunlu/Desktop/acil-antigravity/PolyglotReader/polyglotreaderx/PolyglotReader
    
/Users/sergenunlu/Desktop/acil-antigravity/PolyglotReader/polyglotreaderx/PolyglotReader/PolyglotReader/Services/GeminiService.swift:299:19: warning: value 'chat' was defined but never used; consider replacing with boolean test
        guard let chat = chatSession else {
              ~~~~^~~~~~~
                                     != nil
/Users/sergenunlu/Desktop/acil-antigravity/PolyglotReader/polyglotreaderx/PolyglotReader/PolyglotReader/Services/GeminiService.swift:386:19: warning: value 'chat' was defined but never used; consider replacing with boolean test
        guard let chat = chatSession else {
              ~~~~^~~~~~~
                                     != nil

SwiftCompile normal arm64 Compiling\ QuickTranslationPopup.swift /Users/sergenunlu/Desktop/acil-antigravity/PolyglotReader/polyglotreaderx/PolyglotReader/PolyglotReader/Views/Reader/QuickTranslationPopup.swift (in target 'PolyglotReader' from project 'PolyglotReader')

SwiftCompile normal arm64 /Users/sergenunlu/Desktop/acil-antigravity/PolyglotReader/polyglotreaderx/PolyglotReader/PolyglotReader/Views/Reader/QuickTranslationPopup.swift (in target 'PolyglotReader' from project 'PolyglotReader')
    cd /Users/sergenunlu/Desktop/acil-antigravity/PolyglotReader/polyglotreaderx/PolyglotReader
    

SwiftDriverJobDiscovery normal arm64 Compiling PDFImageDetector.swift (in target 'PolyglotReader' from project 'PolyglotReader')

RegisterExecutionPolicyException /Users/sergenunlu/Library/Developer/Xcode/DerivedData/PolyglotReader-gwklojharaeaydbkqzckxfvzdnfd/Build/Products/Debug-iphoneos/Storage.o (in target 'Storage' from project 'Supabase')
    cd /Users/sergenunlu/Library/Developer/Xcode/DerivedData/PolyglotReader-gwklojharaeaydbkqzckxfvzdnfd/SourcePackages/checkouts/supabase-swift
    builtin-RegisterExecutionPolicyException /Users/sergenunlu/Library/Developer/Xcode/DerivedData/PolyglotReader-gwklojharaeaydbkqzckxfvzdnfd/Build/Products/Debug-iphoneos/Storage.o

Ld /Users/sergenunlu/Library/Developer/Xcode/DerivedData/PolyglotReader-gwklojharaeaydbkqzckxfvzdnfd/Build/Products/Debug-iphoneos/Supabase.o normal (in target 'Supabase' from project 'Supabase')
    cd /Users/sergenunlu/Library/Developer/Xcode/DerivedData/PolyglotReader-gwklojharaeaydbkqzckxfvzdnfd/SourcePackages/checkouts/supabase-swift
    /Applications/Xcode.app/Contents/Developer/Toolchains/XcodeDefault.xctoolchain/usr/bin/clang -Xlinker -reproducible -target arm64-apple-ios13.0 -r -isysroot /Applications/Xcode.app/Contents/Developer/Platforms/iPhoneOS.platform/Developer/SDKs/iPhoneOS26.2.sdk -O0 -w -L/Users/sergenunlu/Library/Developer/Xcode/DerivedData/PolyglotReader-gwklojharaeaydbkqzckxfvzdnfd/Build/Intermediates.noindex/EagerLinkingTBDs/Debug-iphoneos -L/Users/sergenunlu/Library/Developer/Xcode/DerivedData/PolyglotReader-gwklojharaeaydbkqzckxfvzdnfd/Build/Products/Debug-iphoneos -L/Applications/Xcode.app/Contents/Developer/Platforms/iPhoneOS.platform/Developer/usr/lib -F/Users/sergenunlu/Library/Developer/Xcode/DerivedData/PolyglotReader-gwklojharaeaydbkqzckxfvzdnfd/Build/Intermediates.noindex/EagerLinkingTBDs/Debug-iphoneos -F/Users/sergenunlu/Library/Developer/Xcode/DerivedData/PolyglotReader-gwklojharaeaydbkqzckxfvzdnfd/Build/Products/Debug-iphoneos/PackageFrameworks -F/Users/sergenunlu/Library/Developer/Xcode/DerivedData/PolyglotReader-gwklojharaeaydbkqzckxfvzdnfd/Build/Products/Debug-iphoneos/PackageFrameworks -F/Users/sergenunlu/Library/Developer/Xcode/DerivedData/PolyglotReader-gwklojharaeaydbkqzckxfvzdnfd/Build/Products/Debug-iphoneos/PackageFrameworks -F/Users/sergenunlu/Library/Developer/Xcode/DerivedData/PolyglotReader-gwklojharaeaydbkqzckxfvzdnfd/Build/Products/Debug-iphoneos/PackageFrameworks -F/Users/sergenunlu/Library/Developer/Xcode/DerivedData/PolyglotReader-gwklojharaeaydbkqzckxfvzdnfd/Build/Products/Debug-iphoneos/PackageFrameworks -F/Users/sergenunlu/Library/Developer/Xcode/DerivedData/PolyglotReader-gwklojharaeaydbkqzckxfvzdnfd/Build/Products/Debug-iphoneos/PackageFrameworks -F/Users/sergenunlu/Library/Developer/Xcode/DerivedData/PolyglotReader-gwklojharaeaydbkqzckxfvzdnfd/Build/Products/Debug-iphoneos/PackageFrameworks -F/Users/sergenunlu/Library/Developer/Xcode/DerivedData/PolyglotReader-gwklojharaeaydbkqzckxfvzdnfd/Build/Products/Debug-iphoneos/PackageFrameworks -F/Users/sergenunlu/Library/Developer/Xcode/DerivedData/PolyglotReader-gwklojharaeaydbkqzckxfvzdnfd/Build/Products/Debug-iphoneos/PackageFrameworks -F/Users/sergenunlu/Library/Developer/Xcode/DerivedData/PolyglotReader-gwklojharaeaydbkqzckxfvzdnfd/Build/Products/Debug-iphoneos/PackageFrameworks -F/Users/sergenunlu/Library/Developer/Xcode/DerivedData/PolyglotReader-gwklojharaeaydbkqzckxfvzdnfd/Build/Products/Debug-iphoneos/PackageFrameworks -F/Users/sergenunlu/Library/Developer/Xcode/DerivedData/PolyglotReader-gwklojharaeaydbkqzckxfvzdnfd/Build/Products/Debug-iphoneos/PackageFrameworks -F/Users/sergenunlu/Library/Developer/Xcode/DerivedData/PolyglotReader-gwklojharaeaydbkqzckxfvzdnfd/Build/Products/Debug-iphoneos/PackageFrameworks -F/Users/sergenunlu/Library/Developer/Xcode/DerivedData/PolyglotReader-gwklojharaeaydbkqzckxfvzdnfd/Build/Products/Debug-iphoneos -iframework /Applications/Xcode.app/Contents/Developer/Platforms/iPhoneOS.platform/Developer/Library/Frameworks -iframework /Applications/Xcode.app/Contents/Developer/Platforms/iPhoneOS.platform/Developer/SDKs/iPhoneOS26.2.sdk/Developer/Library/Frameworks -filelist /Users/sergenunlu/Library/Developer/Xcode/DerivedData/PolyglotReader-gwklojharaeaydbkqzckxfvzdnfd/Build/Intermediates.noindex/Supabase.build/Debug-iphoneos/Supabase.build/Objects-normal/arm64/Supabase.LinkFileList -nostdlib -Xlinker -object_path_lto -Xlinker /Users/sergenunlu/Library/Developer/Xcode/DerivedData/PolyglotReader-gwklojharaeaydbkqzckxfvzdnfd/Build/Intermediates.noindex/Supabase.build/Debug-iphoneos/Supabase.build/Objects-normal/arm64/Supabase_lto.o -rdynamic -Xlinker -no_deduplicate -Xlinker -dependency_info -Xlinker /Users/sergenunlu/Library/Developer/Xcode/DerivedData/PolyglotReader-gwklojharaeaydbkqzckxfvzdnfd/Build/Intermediates.noindex/Supabase.build/Debug-iphoneos/Supabase.build/Objects-normal/arm64/Supabase_dependency_info.dat -fobjc-link-runtime -L/Applications/Xcode.app/Contents/Developer/Toolchains/XcodeDefault.xctoolchain/usr/lib/swift/iphoneos -L/usr/lib/swift -Xlinker -add_ast_path -Xlinker /Users/sergenunlu/Library/Developer/Xcode/DerivedData/PolyglotReader-gwklojharaeaydbkqzckxfvzdnfd/Build/Intermediates.noindex/Supabase.build/Debug-iphoneos/Supabase.build/Objects-normal/arm64/Supabase.swiftmodule @/Users/sergenunlu/Library/Developer/Xcode/DerivedData/PolyglotReader-gwklojharaeaydbkqzckxfvzdnfd/Build/Intermediates.noindex/Supabase.build/Debug-iphoneos/Supabase.build/Objects-normal/arm64/Supabase-linker-args.resp -o /Users/sergenunlu/Library/Developer/Xcode/DerivedData/PolyglotReader-gwklojharaeaydbkqzckxfvzdnfd/Build/Products/Debug-iphoneos/Supabase.o

ExtractAppIntentsMetadata (in target 'Supabase' from project 'Supabase')
    cd /Users/sergenunlu/Library/Developer/Xcode/DerivedData/PolyglotReader-gwklojharaeaydbkqzckxfvzdnfd/SourcePackages/checkouts/supabase-swift
    /Applications/Xcode.app/Contents/Developer/Toolchains/XcodeDefault.xctoolchain/usr/bin/appintentsmetadataprocessor --toolchain-dir /Applications/Xcode.app/Contents/Developer/Toolchains/XcodeDefault.xctoolchain --module-name Supabase --sdk-root /Applications/Xcode.app/Contents/Developer/Platforms/iPhoneOS.platform/Developer/SDKs/iPhoneOS26.2.sdk --xcode-version 17C52 --platform-family iOS --deployment-target 13.0 --bundle-identifier supabase-swift.Supabase --output /Users/sergenunlu/Library/Developer/Xcode/DerivedData/PolyglotReader-gwklojharaeaydbkqzckxfvzdnfd/Build/Products/Debug-iphoneos/Supabase.appintents --target-triple arm64-apple-ios13.0 --binary-file /Users/sergenunlu/Library/Developer/Xcode/DerivedData/PolyglotReader-gwklojharaeaydbkqzckxfvzdnfd/Build/Products/Debug-iphoneos/Supabase.o --dependency-file /Users/sergenunlu/Library/Developer/Xcode/DerivedData/PolyglotReader-gwklojharaeaydbkqzckxfvzdnfd/Build/Intermediates.noindex/Supabase.build/Debug-iphoneos/Supabase.build/Objects-normal/arm64/Supabase_dependency_info.dat --stringsdata-file /Users/sergenunlu/Library/Developer/Xcode/DerivedData/PolyglotReader-gwklojharaeaydbkqzckxfvzdnfd/Build/Intermediates.noindex/Supabase.build/Debug-iphoneos/Supabase.build/Objects-normal/arm64/ExtractedAppShortcutsMetadata.stringsdata --source-file-list /Users/sergenunlu/Library/Developer/Xcode/DerivedData/PolyglotReader-gwklojharaeaydbkqzckxfvzdnfd/Build/Intermediates.noindex/Supabase.build/Debug-iphoneos/Supabase.build/Objects-normal/arm64/Supabase.SwiftFileList --metadata-file-list /Users/sergenunlu/Library/Developer/Xcode/DerivedData/PolyglotReader-gwklojharaeaydbkqzckxfvzdnfd/Build/Intermediates.noindex/Supabase.build/Debug-iphoneos/Supabase.build/Supabase.DependencyMetadataFileList --static-metadata-file-list /Users/sergenunlu/Library/Developer/Xcode/DerivedData/PolyglotReader-gwklojharaeaydbkqzckxfvzdnfd/Build/Intermediates.noindex/Supabase.build/Debug-iphoneos/Supabase.build/Supabase.DependencyStaticMetadataFileList --swift-const-vals-list /Users/sergenunlu/Library/Developer/Xcode/DerivedData/PolyglotReader-gwklojharaeaydbkqzckxfvzdnfd/Build/Intermediates.noindex/Supabase.build/Debug-iphoneos/Supabase.build/Objects-normal/arm64/Supabase.SwiftConstValuesFileList --force --compile-time-extraction --deployment-aware-processing --validate-assistant-intents --no-app-shortcuts-localization
2025-12-25 00:33:45.079 appintentsmetadataprocessor[53555:279554] Starting appintentsmetadataprocessor export
2025-12-25 00:33:45.221 appintentsmetadataprocessor[53555:279554] Extracted no relevant App Intents symbols, skipping writing output

SwiftDriverJobDiscovery normal arm64 Compiling PolyglotReaderApp.swift (in target 'PolyglotReader' from project 'PolyglotReader')

SwiftDriverJobDiscovery normal arm64 Compiling AuthView.swift (in target 'PolyglotReader' from project 'PolyglotReader')

SwiftDriverJobDiscovery normal arm64 Compiling LibraryViewModel.swift (in target 'PolyglotReader' from project 'PolyglotReader')

SwiftDriverJobDiscovery normal arm64 Compiling GeminiService.swift (in target 'PolyglotReader' from project 'PolyglotReader')

RegisterExecutionPolicyException /Users/sergenunlu/Library/Developer/Xcode/DerivedData/PolyglotReader-gwklojharaeaydbkqzckxfvzdnfd/Build/Products/Debug-iphoneos/Supabase.o (in target 'Supabase' from project 'Supabase')
    cd /Users/sergenunlu/Library/Developer/Xcode/DerivedData/PolyglotReader-gwklojharaeaydbkqzckxfvzdnfd/SourcePackages/checkouts/supabase-swift
    builtin-RegisterExecutionPolicyException /Users/sergenunlu/Library/Developer/Xcode/DerivedData/PolyglotReader-gwklojharaeaydbkqzckxfvzdnfd/Build/Products/Debug-iphoneos/Supabase.o

ExtractAppIntentsMetadata (in target 'GoogleGenerativeAI' from project 'generative-ai-swift')
    cd /Users/sergenunlu/Library/Developer/Xcode/DerivedData/PolyglotReader-gwklojharaeaydbkqzckxfvzdnfd/SourcePackages/checkouts/generative-ai-swift
    /Applications/Xcode.app/Contents/Developer/Toolchains/XcodeDefault.xctoolchain/usr/bin/appintentsmetadataprocessor --toolchain-dir /Applications/Xcode.app/Contents/Developer/Toolchains/XcodeDefault.xctoolchain --module-name GoogleGenerativeAI --sdk-root /Applications/Xcode.app/Contents/Developer/Platforms/iPhoneOS.platform/Developer/SDKs/iPhoneOS26.2.sdk --xcode-version 17C52 --platform-family iOS --deployment-target 12.0 --bundle-identifier generative-ai-swift.GoogleGenerativeAI --output /Users/sergenunlu/Library/Developer/Xcode/DerivedData/PolyglotReader-gwklojharaeaydbkqzckxfvzdnfd/Build/Products/Debug-iphoneos/GoogleGenerativeAI.appintents --target-triple arm64-apple-ios12.0 --binary-file /Users/sergenunlu/Library/Developer/Xcode/DerivedData/PolyglotReader-gwklojharaeaydbkqzckxfvzdnfd/Build/Products/Debug-iphoneos/GoogleGenerativeAI.o --dependency-file /Users/sergenunlu/Library/Developer/Xcode/DerivedData/PolyglotReader-gwklojharaeaydbkqzckxfvzdnfd/Build/Intermediates.noindex/generative-ai-swift.build/Debug-iphoneos/GoogleGenerativeAI.build/Objects-normal/arm64/GoogleGenerativeAI_dependency_info.dat --stringsdata-file /Users/sergenunlu/Library/Developer/Xcode/DerivedData/PolyglotReader-gwklojharaeaydbkqzckxfvzdnfd/Build/Intermediates.noindex/generative-ai-swift.build/Debug-iphoneos/GoogleGenerativeAI.build/Objects-normal/arm64/ExtractedAppShortcutsMetadata.stringsdata --source-file-list /Users/sergenunlu/Library/Developer/Xcode/DerivedData/PolyglotReader-gwklojharaeaydbkqzckxfvzdnfd/Build/Intermediates.noindex/generative-ai-swift.build/Debug-iphoneos/GoogleGenerativeAI.build/Objects-normal/arm64/GoogleGenerativeAI.SwiftFileList --metadata-file-list /Users/sergenunlu/Library/Developer/Xcode/DerivedData/PolyglotReader-gwklojharaeaydbkqzckxfvzdnfd/Build/Intermediates.noindex/generative-ai-swift.build/Debug-iphoneos/GoogleGenerativeAI.build/GoogleGenerativeAI.DependencyMetadataFileList --static-metadata-file-list /Users/sergenunlu/Library/Developer/Xcode/DerivedData/PolyglotReader-gwklojharaeaydbkqzckxfvzdnfd/Build/Intermediates.noindex/generative-ai-swift.build/Debug-iphoneos/GoogleGenerativeAI.build/GoogleGenerativeAI.DependencyStaticMetadataFileList --swift-const-vals-list /Users/sergenunlu/Library/Developer/Xcode/DerivedData/PolyglotReader-gwklojharaeaydbkqzckxfvzdnfd/Build/Intermediates.noindex/generative-ai-swift.build/Debug-iphoneos/GoogleGenerativeAI.build/Objects-normal/arm64/GoogleGenerativeAI.SwiftConstValuesFileList --force --compile-time-extraction --deployment-aware-processing --validate-assistant-intents --no-app-shortcuts-localization
2025-12-25 00:33:45.255 appintentsmetadataprocessor[53556:279560] Starting appintentsmetadataprocessor export
2025-12-25 00:33:45.356 appintentsmetadataprocessor[53556:279560] Extracted no relevant App Intents symbols, skipping writing output

SwiftDriverJobDiscovery normal arm64 Compiling QuickTranslationPopup.swift (in target 'PolyglotReader' from project 'PolyglotReader')

SwiftDriverJobDiscovery normal arm64 Compiling LibraryView.swift (in target 'PolyglotReader' from project 'PolyglotReader')

RegisterExecutionPolicyException /Users/sergenunlu/Library/Developer/Xcode/DerivedData/PolyglotReader-gwklojharaeaydbkqzckxfvzdnfd/Build/Products/Debug-iphoneos/GoogleGenerativeAI.o (in target 'GoogleGenerativeAI' from project 'generative-ai-swift')
    cd /Users/sergenunlu/Library/Developer/Xcode/DerivedData/PolyglotReader-gwklojharaeaydbkqzckxfvzdnfd/SourcePackages/checkouts/generative-ai-swift
    builtin-RegisterExecutionPolicyException /Users/sergenunlu/Library/Developer/Xcode/DerivedData/PolyglotReader-gwklojharaeaydbkqzckxfvzdnfd/Build/Products/Debug-iphoneos/GoogleGenerativeAI.o

Ld /Users/sergenunlu/Library/Developer/Xcode/DerivedData/PolyglotReader-gwklojharaeaydbkqzckxfvzdnfd/Build/Products/Debug-iphoneos/PolyglotReader.app/__preview.dylib normal (in target 'PolyglotReader' from project 'PolyglotReader')
    cd /Users/sergenunlu/Desktop/acil-antigravity/PolyglotReader/polyglotreaderx/PolyglotReader
    /Applications/Xcode.app/Contents/Developer/Toolchains/XcodeDefault.xctoolchain/usr/bin/clang -Xlinker -reproducible -target arm64-apple-ios16.6 -dynamiclib -isysroot /Applications/Xcode.app/Contents/Developer/Platforms/iPhoneOS.platform/Developer/SDKs/iPhoneOS26.2.sdk -O0 -L/Users/sergenunlu/Library/Developer/Xcode/DerivedData/PolyglotReader-gwklojharaeaydbkqzckxfvzdnfd/Build/Products/Debug-iphoneos -F/Users/sergenunlu/Library/Developer/Xcode/DerivedData/PolyglotReader-gwklojharaeaydbkqzckxfvzdnfd/Build/Products/Debug-iphoneos/PackageFrameworks -F/Users/sergenunlu/Library/Developer/Xcode/DerivedData/PolyglotReader-gwklojharaeaydbkqzckxfvzdnfd/Build/Products/Debug-iphoneos/PackageFrameworks -F/Users/sergenunlu/Library/Developer/Xcode/DerivedData/PolyglotReader-gwklojharaeaydbkqzckxfvzdnfd/Build/Products/Debug-iphoneos/PackageFrameworks -F/Users/sergenunlu/Library/Developer/Xcode/DerivedData/PolyglotReader-gwklojharaeaydbkqzckxfvzdnfd/Build/Products/Debug-iphoneos/PackageFrameworks -F/Users/sergenunlu/Library/Developer/Xcode/DerivedData/PolyglotReader-gwklojharaeaydbkqzckxfvzdnfd/Build/Products/Debug-iphoneos/PackageFrameworks -F/Users/sergenunlu/Library/Developer/Xcode/DerivedData/PolyglotReader-gwklojharaeaydbkqzckxfvzdnfd/Build/Products/Debug-iphoneos/PackageFrameworks -F/Users/sergenunlu/Library/Developer/Xcode/DerivedData/PolyglotReader-gwklojharaeaydbkqzckxfvzdnfd/Build/Products/Debug-iphoneos/PackageFrameworks -F/Users/sergenunlu/Library/Developer/Xcode/DerivedData/PolyglotReader-gwklojharaeaydbkqzckxfvzdnfd/Build/Products/Debug-iphoneos/PackageFrameworks -F/Users/sergenunlu/Library/Developer/Xcode/DerivedData/PolyglotReader-gwklojharaeaydbkqzckxfvzdnfd/Build/Products/Debug-iphoneos/PackageFrameworks -F/Users/sergenunlu/Library/Developer/Xcode/DerivedData/PolyglotReader-gwklojharaeaydbkqzckxfvzdnfd/Build/Products/Debug-iphoneos/PackageFrameworks -F/Users/sergenunlu/Library/Developer/Xcode/DerivedData/PolyglotReader-gwklojharaeaydbkqzckxfvzdnfd/Build/Products/Debug-iphoneos/PackageFrameworks -F/Users/sergenunlu/Library/Developer/Xcode/DerivedData/PolyglotReader-gwklojharaeaydbkqzckxfvzdnfd/Build/Products/Debug-iphoneos/PackageFrameworks -F/Users/sergenunlu/Library/Developer/Xcode/DerivedData/PolyglotReader-gwklojharaeaydbkqzckxfvzdnfd/Build/Products/Debug-iphoneos/PackageFrameworks -F/Users/sergenunlu/Library/Developer/Xcode/DerivedData/PolyglotReader-gwklojharaeaydbkqzckxfvzdnfd/Build/Products/Debug-iphoneos/PackageFrameworks -F/Users/sergenunlu/Library/Developer/Xcode/DerivedData/PolyglotReader-gwklojharaeaydbkqzckxfvzdnfd/Build/Products/Debug-iphoneos/PackageFrameworks -F/Users/sergenunlu/Library/Developer/Xcode/DerivedData/PolyglotReader-gwklojharaeaydbkqzckxfvzdnfd/Build/Products/Debug-iphoneos -install_name @rpath/PolyglotReader.debug.dylib -dead_strip -rdynamic -Xlinker -no_deduplicate -Xlinker -dependency_info -Xlinker /Users/sergenunlu/Library/Developer/Xcode/DerivedData/PolyglotReader-gwklojharaeaydbkqzckxfvzdnfd/Build/Intermediates.noindex/PolyglotReader.build/Debug-iphoneos/PolyglotReader.build/Objects-normal/arm64/PolyglotReader_dependency_info.dat -Xlinker -no_adhoc_codesign -o /Users/sergenunlu/Library/Developer/Xcode/DerivedData/PolyglotReader-gwklojharaeaydbkqzckxfvzdnfd/Build/Products/Debug-iphoneos/PolyglotReader.app/__preview.dylib

SwiftDriverJobDiscovery normal arm64 Emitting module for PolyglotReader (in target 'PolyglotReader' from project 'PolyglotReader')

SwiftDriver\ Compilation\ Requirements PolyglotReader normal arm64 com.apple.xcode.tools.swift.compiler (in target 'PolyglotReader' from project 'PolyglotReader')
    cd /Users/sergenunlu/Desktop/acil-antigravity/PolyglotReader/polyglotreaderx/PolyglotReader
    builtin-Swift-Compilation-Requirements -- /Applications/Xcode.app/Contents/Developer/Toolchains/XcodeDefault.xctoolchain/usr/bin/swiftc -module-name PolyglotReader -Onone -enforce-exclusivity\=checked @/Users/sergenunlu/Library/Developer/Xcode/DerivedData/PolyglotReader-gwklojharaeaydbkqzckxfvzdnfd/Build/Intermediates.noindex/PolyglotReader.build/Debug-iphoneos/PolyglotReader.build/Objects-normal/arm64/PolyglotReader.SwiftFileList -DDEBUG -default-isolation\=MainActor -enable-bare-slash-regex -enable-upcoming-feature DisableOutwardActorInference -enable-upcoming-feature InferSendableFromCaptures -enable-upcoming-feature GlobalActorIsolatedTypesUsability -enable-upcoming-feature MemberImportVisibility -enable-upcoming-feature InferIsolatedConformances -enable-upcoming-feature NonisolatedNonsendingByDefault -enable-experimental-feature DebugDescriptionMacro -sdk /Applications/Xcode.app/Contents/Developer/Platforms/iPhoneOS.platform/Developer/SDKs/iPhoneOS26.2.sdk -target arm64-apple-ios16.6 -g -module-cache-path /Users/sergenunlu/Library/Developer/Xcode/DerivedData/ModuleCache.noindex -Xfrontend -serialize-debugging-options -enable-testing -index-store-path /Users/sergenunlu/Library/Developer/Xcode/DerivedData/PolyglotReader-gwklojharaeaydbkqzckxfvzdnfd/Index.noindex/DataStore -Xcc -D_LIBCPP_HARDENING_MODE\=_LIBCPP_HARDENING_MODE_DEBUG -swift-version 5 -I /Users/sergenunlu/Library/Developer/Xcode/DerivedData/PolyglotReader-gwklojharaeaydbkqzckxfvzdnfd/Build/Products/Debug-iphoneos -F /Users/sergenunlu/Library/Developer/Xcode/DerivedData/PolyglotReader-gwklojharaeaydbkqzckxfvzdnfd/Build/Products/Debug-iphoneos/PackageFrameworks -F /Users/sergenunlu/Library/Developer/Xcode/DerivedData/PolyglotReader-gwklojharaeaydbkqzckxfvzdnfd/Build/Products/Debug-iphoneos/PackageFrameworks -F /Users/sergenunlu/Library/Developer/Xcode/DerivedData/PolyglotReader-gwklojharaeaydbkqzckxfvzdnfd/Build/Products/Debug-iphoneos/PackageFrameworks -F /Users/sergenunlu/Library/Developer/Xcode/DerivedData/PolyglotReader-gwklojharaeaydbkqzckxfvzdnfd/Build/Products/Debug-iphoneos/PackageFrameworks -F /Users/sergenunlu/Library/Developer/Xcode/DerivedData/PolyglotReader-gwklojharaeaydbkqzckxfvzdnfd/Build/Products/Debug-iphoneos/PackageFrameworks -F /Users/sergenunlu/Library/Developer/Xcode/DerivedData/PolyglotReader-gwklojharaeaydbkqzckxfvzdnfd/Build/Products/Debug-iphoneos/PackageFrameworks -F /Users/sergenunlu/Library/Developer/Xcode/DerivedData/PolyglotReader-gwklojharaeaydbkqzckxfvzdnfd/Build/Products/Debug-iphoneos/PackageFrameworks -F /Users/sergenunlu/Library/Developer/Xcode/DerivedData/PolyglotReader-gwklojharaeaydbkqzckxfvzdnfd/Build/Products/Debug-iphoneos/PackageFrameworks -F /Users/sergenunlu/Library/Developer/Xcode/DerivedData/PolyglotReader-gwklojharaeaydbkqzckxfvzdnfd/Build/Products/Debug-iphoneos/PackageFrameworks -F /Users/sergenunlu/Library/Developer/Xcode/DerivedData/PolyglotReader-gwklojharaeaydbkqzckxfvzdnfd/Build/Products/Debug-iphoneos/PackageFrameworks -F /Users/sergenunlu/Library/Developer/Xcode/DerivedData/PolyglotReader-gwklojharaeaydbkqzckxfvzdnfd/Build/Products/Debug-iphoneos/PackageFrameworks -F /Users/sergenunlu/Library/Developer/Xcode/DerivedData/PolyglotReader-gwklojharaeaydbkqzckxfvzdnfd/Build/Products/Debug-iphoneos/PackageFrameworks -F /Users/sergenunlu/Library/Developer/Xcode/DerivedData/PolyglotReader-gwklojharaeaydbkqzckxfvzdnfd/Build/Products/Debug-iphoneos/PackageFrameworks -F /Users/sergenunlu/Library/Developer/Xcode/DerivedData/PolyglotReader-gwklojharaeaydbkqzckxfvzdnfd/Build/Products/Debug-iphoneos/PackageFrameworks -F /Users/sergenunlu/Library/Developer/Xcode/DerivedData/PolyglotReader-gwklojharaeaydbkqzckxfvzdnfd/Build/Products/Debug-iphoneos/PackageFrameworks -F /Users/sergenunlu/Library/Developer/Xcode/DerivedData/PolyglotReader-gwklojharaeaydbkqzckxfvzdnfd/Build/Products/Debug-iphoneos -emit-localized-strings -emit-localized-strings-path /Users/sergenunlu/Library/Developer/Xcode/DerivedData/PolyglotReader-gwklojharaeaydbkqzckxfvzdnfd/Build/Intermediates.noindex/PolyglotReader.build/Debug-iphoneos/PolyglotReader.build/Objects-normal/arm64 -c -j8 -enable-batch-mode -incremental -Xcc -ivfsstatcache -Xcc /Users/sergenunlu/Library/Developer/Xcode/DerivedData/SDKStatCaches.noindex/iphoneos26.2-23C53-3794476bd08197c3e2abd9bb477ef7f7.sdkstatcache -output-file-map /Users/sergenunlu/Library/Developer/Xcode/DerivedData/PolyglotReader-gwklojharaeaydbkqzckxfvzdnfd/Build/Intermediates.noindex/PolyglotReader.build/Debug-iphoneos/PolyglotReader.build/Objects-normal/arm64/PolyglotReader-OutputFileMap.json -use-frontend-parseable-output -save-temps -no-color-diagnostics -explicit-module-build -module-cache-path /Users/sergenunlu/Library/Developer/Xcode/DerivedData/PolyglotReader-gwklojharaeaydbkqzckxfvzdnfd/Build/Intermediates.noindex/SwiftExplicitPrecompiledModules -clang-scanner-module-cache-path /Users/sergenunlu/Library/Developer/Xcode/DerivedData/ModuleCache.noindex -sdk-module-cache-path /Users/sergenunlu/Library/Developer/Xcode/DerivedData/ModuleCache.noindex -serialize-diagnostics -emit-dependencies -emit-module -emit-module-path /Users/sergenunlu/Library/Developer/Xcode/DerivedData/PolyglotReader-gwklojharaeaydbkqzckxfvzdnfd/Build/Intermediates.noindex/PolyglotReader.build/Debug-iphoneos/PolyglotReader.build/Objects-normal/arm64/PolyglotReader.swiftmodule -validate-clang-modules-once -clang-build-session-file /Users/sergenunlu/Library/Developer/Xcode/DerivedData/ModuleCache.noindex/Session.modulevalidation -Xcc -I/Users/sergenunlu/Library/Developer/Xcode/DerivedData/PolyglotReader-gwklojharaeaydbkqzckxfvzdnfd/Build/Intermediates.noindex/PolyglotReader.build/Debug-iphoneos/PolyglotReader.build/swift-overrides.hmap -emit-const-values -Xfrontend -const-gather-protocols-file -Xfrontend /Users/sergenunlu/Library/Developer/Xcode/DerivedData/PolyglotReader-gwklojharaeaydbkqzckxfvzdnfd/Build/Intermediates.noindex/PolyglotReader.build/Debug-iphoneos/PolyglotReader.build/Objects-normal/arm64/PolyglotReader_const_extract_protocols.json -Xcc -iquote -Xcc /Users/sergenunlu/Library/Developer/Xcode/DerivedData/PolyglotReader-gwklojharaeaydbkqzckxfvzdnfd/Build/Intermediates.noindex/PolyglotReader.build/Debug-iphoneos/PolyglotReader.build/PolyglotReader-generated-files.hmap -Xcc -I/Users/sergenunlu/Library/Developer/Xcode/DerivedData/PolyglotReader-gwklojharaeaydbkqzckxfvzdnfd/Build/Intermediates.noindex/PolyglotReader.build/Debug-iphoneos/PolyglotReader.build/PolyglotReader-own-target-headers.hmap -Xcc -I/Users/sergenunlu/Library/Developer/Xcode/DerivedData/PolyglotReader-gwklojharaeaydbkqzckxfvzdnfd/Build/Intermediates.noindex/PolyglotReader.build/Debug-iphoneos/PolyglotReader.build/PolyglotReader-all-non-framework-target-headers.hmap -Xcc -ivfsoverlay -Xcc /Users/sergenunlu/Library/Developer/Xcode/DerivedData/PolyglotReader-gwklojharaeaydbkqzckxfvzdnfd/Build/Intermediates.noindex/PolyglotReader.build/Debug-iphoneos/PolyglotReader-a602da3bad5f46d05f1f0c14fbb25681-VFS-iphoneos/all-product-headers.yaml -Xcc -iquote -Xcc /Users/sergenunlu/Library/Developer/Xcode/DerivedData/PolyglotReader-gwklojharaeaydbkqzckxfvzdnfd/Build/Intermediates.noindex/PolyglotReader.build/Debug-iphoneos/PolyglotReader.build/PolyglotReader-project-headers.hmap -Xcc -I/Users/sergenunlu/Library/Developer/Xcode/DerivedData/PolyglotReader-gwklojharaeaydbkqzckxfvzdnfd/Build/Products/Debug-iphoneos/include -Xcc -I/Users/sergenunlu/Library/Developer/Xcode/DerivedData/PolyglotReader-gwklojharaeaydbkqzckxfvzdnfd/Build/Intermediates.noindex/PolyglotReader.build/Debug-iphoneos/PolyglotReader.build/DerivedSources-normal/arm64 -Xcc -I/Users/sergenunlu/Library/Developer/Xcode/DerivedData/PolyglotReader-gwklojharaeaydbkqzckxfvzdnfd/Build/Intermediates.noindex/PolyglotReader.build/Debug-iphoneos/PolyglotReader.build/DerivedSources/arm64 -Xcc -I/Users/sergenunlu/Library/Developer/Xcode/DerivedData/PolyglotReader-gwklojharaeaydbkqzckxfvzdnfd/Build/Intermediates.noindex/PolyglotReader.build/Debug-iphoneos/PolyglotReader.build/DerivedSources -Xcc -DDEBUG\=1 -emit-objc-header -emit-objc-header-path /Users/sergenunlu/Library/Developer/Xcode/DerivedData/PolyglotReader-gwklojharaeaydbkqzckxfvzdnfd/Build/Intermediates.noindex/PolyglotReader.build/Debug-iphoneos/PolyglotReader.build/Objects-normal/arm64/PolyglotReader-Swift.h -working-directory /Users/sergenunlu/Desktop/acil-antigravity/PolyglotReader/polyglotreaderx/PolyglotReader -experimental-emit-module-separately -disable-cmo

SwiftDriver\ Compilation PolyglotReader normal arm64 com.apple.xcode.tools.swift.compiler (in target 'PolyglotReader' from project 'PolyglotReader')
    cd /Users/sergenunlu/Desktop/acil-antigravity/PolyglotReader/polyglotreaderx/PolyglotReader
    builtin-Swift-Compilation -- /Applications/Xcode.app/Contents/Developer/Toolchains/XcodeDefault.xctoolchain/usr/bin/swiftc -module-name PolyglotReader -Onone -enforce-exclusivity\=checked @/Users/sergenunlu/Library/Developer/Xcode/DerivedData/PolyglotReader-gwklojharaeaydbkqzckxfvzdnfd/Build/Intermediates.noindex/PolyglotReader.build/Debug-iphoneos/PolyglotReader.build/Objects-normal/arm64/PolyglotReader.SwiftFileList -DDEBUG -default-isolation\=MainActor -enable-bare-slash-regex -enable-upcoming-feature DisableOutwardActorInference -enable-upcoming-feature InferSendableFromCaptures -enable-upcoming-feature GlobalActorIsolatedTypesUsability -enable-upcoming-feature MemberImportVisibility -enable-upcoming-feature InferIsolatedConformances -enable-upcoming-feature NonisolatedNonsendingByDefault -enable-experimental-feature DebugDescriptionMacro -sdk /Applications/Xcode.app/Contents/Developer/Platforms/iPhoneOS.platform/Developer/SDKs/iPhoneOS26.2.sdk -target arm64-apple-ios16.6 -g -module-cache-path /Users/sergenunlu/Library/Developer/Xcode/DerivedData/ModuleCache.noindex -Xfrontend -serialize-debugging-options -enable-testing -index-store-path /Users/sergenunlu/Library/Developer/Xcode/DerivedData/PolyglotReader-gwklojharaeaydbkqzckxfvzdnfd/Index.noindex/DataStore -Xcc -D_LIBCPP_HARDENING_MODE\=_LIBCPP_HARDENING_MODE_DEBUG -swift-version 5 -I /Users/sergenunlu/Library/Developer/Xcode/DerivedData/PolyglotReader-gwklojharaeaydbkqzckxfvzdnfd/Build/Products/Debug-iphoneos -F /Users/sergenunlu/Library/Developer/Xcode/DerivedData/PolyglotReader-gwklojharaeaydbkqzckxfvzdnfd/Build/Products/Debug-iphoneos/PackageFrameworks -F /Users/sergenunlu/Library/Developer/Xcode/DerivedData/PolyglotReader-gwklojharaeaydbkqzckxfvzdnfd/Build/Products/Debug-iphoneos/PackageFrameworks -F /Users/sergenunlu/Library/Developer/Xcode/DerivedData/PolyglotReader-gwklojharaeaydbkqzckxfvzdnfd/Build/Products/Debug-iphoneos/PackageFrameworks -F /Users/sergenunlu/Library/Developer/Xcode/DerivedData/PolyglotReader-gwklojharaeaydbkqzckxfvzdnfd/Build/Products/Debug-iphoneos/PackageFrameworks -F /Users/sergenunlu/Library/Developer/Xcode/DerivedData/PolyglotReader-gwklojharaeaydbkqzckxfvzdnfd/Build/Products/Debug-iphoneos/PackageFrameworks -F /Users/sergenunlu/Library/Developer/Xcode/DerivedData/PolyglotReader-gwklojharaeaydbkqzckxfvzdnfd/Build/Products/Debug-iphoneos/PackageFrameworks -F /Users/sergenunlu/Library/Developer/Xcode/DerivedData/PolyglotReader-gwklojharaeaydbkqzckxfvzdnfd/Build/Products/Debug-iphoneos/PackageFrameworks -F /Users/sergenunlu/Library/Developer/Xcode/DerivedData/PolyglotReader-gwklojharaeaydbkqzckxfvzdnfd/Build/Products/Debug-iphoneos/PackageFrameworks -F /Users/sergenunlu/Library/Developer/Xcode/DerivedData/PolyglotReader-gwklojharaeaydbkqzckxfvzdnfd/Build/Products/Debug-iphoneos/PackageFrameworks -F /Users/sergenunlu/Library/Developer/Xcode/DerivedData/PolyglotReader-gwklojharaeaydbkqzckxfvzdnfd/Build/Products/Debug-iphoneos/PackageFrameworks -F /Users/sergenunlu/Library/Developer/Xcode/DerivedData/PolyglotReader-gwklojharaeaydbkqzckxfvzdnfd/Build/Products/Debug-iphoneos/PackageFrameworks -F /Users/sergenunlu/Library/Developer/Xcode/DerivedData/PolyglotReader-gwklojharaeaydbkqzckxfvzdnfd/Build/Products/Debug-iphoneos/PackageFrameworks -F /Users/sergenunlu/Library/Developer/Xcode/DerivedData/PolyglotReader-gwklojharaeaydbkqzckxfvzdnfd/Build/Products/Debug-iphoneos/PackageFrameworks -F /Users/sergenunlu/Library/Developer/Xcode/DerivedData/PolyglotReader-gwklojharaeaydbkqzckxfvzdnfd/Build/Products/Debug-iphoneos/PackageFrameworks -F /Users/sergenunlu/Library/Developer/Xcode/DerivedData/PolyglotReader-gwklojharaeaydbkqzckxfvzdnfd/Build/Products/Debug-iphoneos/PackageFrameworks -F /Users/sergenunlu/Library/Developer/Xcode/DerivedData/PolyglotReader-gwklojharaeaydbkqzckxfvzdnfd/Build/Products/Debug-iphoneos -emit-localized-strings -emit-localized-strings-path /Users/sergenunlu/Library/Developer/Xcode/DerivedData/PolyglotReader-gwklojharaeaydbkqzckxfvzdnfd/Build/Intermediates.noindex/PolyglotReader.build/Debug-iphoneos/PolyglotReader.build/Objects-normal/arm64 -c -j8 -enable-batch-mode -incremental -Xcc -ivfsstatcache -Xcc /Users/sergenunlu/Library/Developer/Xcode/DerivedData/SDKStatCaches.noindex/iphoneos26.2-23C53-3794476bd08197c3e2abd9bb477ef7f7.sdkstatcache -output-file-map /Users/sergenunlu/Library/Developer/Xcode/DerivedData/PolyglotReader-gwklojharaeaydbkqzckxfvzdnfd/Build/Intermediates.noindex/PolyglotReader.build/Debug-iphoneos/PolyglotReader.build/Objects-normal/arm64/PolyglotReader-OutputFileMap.json -use-frontend-parseable-output -save-temps -no-color-diagnostics -explicit-module-build -module-cache-path /Users/sergenunlu/Library/Developer/Xcode/DerivedData/PolyglotReader-gwklojharaeaydbkqzckxfvzdnfd/Build/Intermediates.noindex/SwiftExplicitPrecompiledModules -clang-scanner-module-cache-path /Users/sergenunlu/Library/Developer/Xcode/DerivedData/ModuleCache.noindex -sdk-module-cache-path /Users/sergenunlu/Library/Developer/Xcode/DerivedData/ModuleCache.noindex -serialize-diagnostics -emit-dependencies -emit-module -emit-module-path /Users/sergenunlu/Library/Developer/Xcode/DerivedData/PolyglotReader-gwklojharaeaydbkqzckxfvzdnfd/Build/Intermediates.noindex/PolyglotReader.build/Debug-iphoneos/PolyglotReader.build/Objects-normal/arm64/PolyglotReader.swiftmodule -validate-clang-modules-once -clang-build-session-file /Users/sergenunlu/Library/Developer/Xcode/DerivedData/ModuleCache.noindex/Session.modulevalidation -Xcc -I/Users/sergenunlu/Library/Developer/Xcode/DerivedData/PolyglotReader-gwklojharaeaydbkqzckxfvzdnfd/Build/Intermediates.noindex/PolyglotReader.build/Debug-iphoneos/PolyglotReader.build/swift-overrides.hmap -emit-const-values -Xfrontend -const-gather-protocols-file -Xfrontend /Users/sergenunlu/Library/Developer/Xcode/DerivedData/PolyglotReader-gwklojharaeaydbkqzckxfvzdnfd/Build/Intermediates.noindex/PolyglotReader.build/Debug-iphoneos/PolyglotReader.build/Objects-normal/arm64/PolyglotReader_const_extract_protocols.json -Xcc -iquote -Xcc /Users/sergenunlu/Library/Developer/Xcode/DerivedData/PolyglotReader-gwklojharaeaydbkqzckxfvzdnfd/Build/Intermediates.noindex/PolyglotReader.build/Debug-iphoneos/PolyglotReader.build/PolyglotReader-generated-files.hmap -Xcc -I/Users/sergenunlu/Library/Developer/Xcode/DerivedData/PolyglotReader-gwklojharaeaydbkqzckxfvzdnfd/Build/Intermediates.noindex/PolyglotReader.build/Debug-iphoneos/PolyglotReader.build/PolyglotReader-own-target-headers.hmap -Xcc -I/Users/sergenunlu/Library/Developer/Xcode/DerivedData/PolyglotReader-gwklojharaeaydbkqzckxfvzdnfd/Build/Intermediates.noindex/PolyglotReader.build/Debug-iphoneos/PolyglotReader.build/PolyglotReader-all-non-framework-target-headers.hmap -Xcc -ivfsoverlay -Xcc /Users/sergenunlu/Library/Developer/Xcode/DerivedData/PolyglotReader-gwklojharaeaydbkqzckxfvzdnfd/Build/Intermediates.noindex/PolyglotReader.build/Debug-iphoneos/PolyglotReader-a602da3bad5f46d05f1f0c14fbb25681-VFS-iphoneos/all-product-headers.yaml -Xcc -iquote -Xcc /Users/sergenunlu/Library/Developer/Xcode/DerivedData/PolyglotReader-gwklojharaeaydbkqzckxfvzdnfd/Build/Intermediates.noindex/PolyglotReader.build/Debug-iphoneos/PolyglotReader.build/PolyglotReader-project-headers.hmap -Xcc -I/Users/sergenunlu/Library/Developer/Xcode/DerivedData/PolyglotReader-gwklojharaeaydbkqzckxfvzdnfd/Build/Products/Debug-iphoneos/include -Xcc -I/Users/sergenunlu/Library/Developer/Xcode/DerivedData/PolyglotReader-gwklojharaeaydbkqzckxfvzdnfd/Build/Intermediates.noindex/PolyglotReader.build/Debug-iphoneos/PolyglotReader.build/DerivedSources-normal/arm64 -Xcc -I/Users/sergenunlu/Library/Developer/Xcode/DerivedData/PolyglotReader-gwklojharaeaydbkqzckxfvzdnfd/Build/Intermediates.noindex/PolyglotReader.build/Debug-iphoneos/PolyglotReader.build/DerivedSources/arm64 -Xcc -I/Users/sergenunlu/Library/Developer/Xcode/DerivedData/PolyglotReader-gwklojharaeaydbkqzckxfvzdnfd/Build/Intermediates.noindex/PolyglotReader.build/Debug-iphoneos/PolyglotReader.build/DerivedSources -Xcc -DDEBUG\=1 -emit-objc-header -emit-objc-header-path /Users/sergenunlu/Library/Developer/Xcode/DerivedData/PolyglotReader-gwklojharaeaydbkqzckxfvzdnfd/Build/Intermediates.noindex/PolyglotReader.build/Debug-iphoneos/PolyglotReader.build/Objects-normal/arm64/PolyglotReader-Swift.h -working-directory /Users/sergenunlu/Desktop/acil-antigravity/PolyglotReader/polyglotreaderx/PolyglotReader -experimental-emit-module-separately -disable-cmo

Copy /Users/sergenunlu/Library/Developer/Xcode/DerivedData/PolyglotReader-gwklojharaeaydbkqzckxfvzdnfd/Build/Products/Debug-iphoneos/PolyglotReader.swiftmodule/arm64-apple-ios.abi.json /Users/sergenunlu/Library/Developer/Xcode/DerivedData/PolyglotReader-gwklojharaeaydbkqzckxfvzdnfd/Build/Intermediates.noindex/PolyglotReader.build/Debug-iphoneos/PolyglotReader.build/Objects-normal/arm64/PolyglotReader.abi.json (in target 'PolyglotReader' from project 'PolyglotReader')
    cd /Users/sergenunlu/Desktop/acil-antigravity/PolyglotReader/polyglotreaderx/PolyglotReader
    builtin-copy -exclude .DS_Store -exclude CVS -exclude .svn -exclude .git -exclude .hg -resolve-src-symlinks -rename /Users/sergenunlu/Library/Developer/Xcode/DerivedData/PolyglotReader-gwklojharaeaydbkqzckxfvzdnfd/Build/Intermediates.noindex/PolyglotReader.build/Debug-iphoneos/PolyglotReader.build/Objects-normal/arm64/PolyglotReader.abi.json /Users/sergenunlu/Library/Developer/Xcode/DerivedData/PolyglotReader-gwklojharaeaydbkqzckxfvzdnfd/Build/Products/Debug-iphoneos/PolyglotReader.swiftmodule/arm64-apple-ios.abi.json

Copy /Users/sergenunlu/Library/Developer/Xcode/DerivedData/PolyglotReader-gwklojharaeaydbkqzckxfvzdnfd/Build/Products/Debug-iphoneos/PolyglotReader.swiftmodule/arm64-apple-ios.swiftdoc /Users/sergenunlu/Library/Developer/Xcode/DerivedData/PolyglotReader-gwklojharaeaydbkqzckxfvzdnfd/Build/Intermediates.noindex/PolyglotReader.build/Debug-iphoneos/PolyglotReader.build/Objects-normal/arm64/PolyglotReader.swiftdoc (in target 'PolyglotReader' from project 'PolyglotReader')
    cd /Users/sergenunlu/Desktop/acil-antigravity/PolyglotReader/polyglotreaderx/PolyglotReader
    builtin-copy -exclude .DS_Store -exclude CVS -exclude .svn -exclude .git -exclude .hg -resolve-src-symlinks -rename /Users/sergenunlu/Library/Developer/Xcode/DerivedData/PolyglotReader-gwklojharaeaydbkqzckxfvzdnfd/Build/Intermediates.noindex/PolyglotReader.build/Debug-iphoneos/PolyglotReader.build/Objects-normal/arm64/PolyglotReader.swiftdoc /Users/sergenunlu/Library/Developer/Xcode/DerivedData/PolyglotReader-gwklojharaeaydbkqzckxfvzdnfd/Build/Products/Debug-iphoneos/PolyglotReader.swiftmodule/arm64-apple-ios.swiftdoc

Copy /Users/sergenunlu/Library/Developer/Xcode/DerivedData/PolyglotReader-gwklojharaeaydbkqzckxfvzdnfd/Build/Products/Debug-iphoneos/PolyglotReader.swiftmodule/Project/arm64-apple-ios.swiftsourceinfo /Users/sergenunlu/Library/Developer/Xcode/DerivedData/PolyglotReader-gwklojharaeaydbkqzckxfvzdnfd/Build/Intermediates.noindex/PolyglotReader.build/Debug-iphoneos/PolyglotReader.build/Objects-normal/arm64/PolyglotReader.swiftsourceinfo (in target 'PolyglotReader' from project 'PolyglotReader')
    cd /Users/sergenunlu/Desktop/acil-antigravity/PolyglotReader/polyglotreaderx/PolyglotReader
    builtin-copy -exclude .DS_Store -exclude CVS -exclude .svn -exclude .git -exclude .hg -resolve-src-symlinks -rename /Users/sergenunlu/Library/Developer/Xcode/DerivedData/PolyglotReader-gwklojharaeaydbkqzckxfvzdnfd/Build/Intermediates.noindex/PolyglotReader.build/Debug-iphoneos/PolyglotReader.build/Objects-normal/arm64/PolyglotReader.swiftsourceinfo /Users/sergenunlu/Library/Developer/Xcode/DerivedData/PolyglotReader-gwklojharaeaydbkqzckxfvzdnfd/Build/Products/Debug-iphoneos/PolyglotReader.swiftmodule/Project/arm64-apple-ios.swiftsourceinfo

Copy /Users/sergenunlu/Library/Developer/Xcode/DerivedData/PolyglotReader-gwklojharaeaydbkqzckxfvzdnfd/Build/Products/Debug-iphoneos/PolyglotReader.swiftmodule/arm64-apple-ios.swiftmodule /Users/sergenunlu/Library/Developer/Xcode/DerivedData/PolyglotReader-gwklojharaeaydbkqzckxfvzdnfd/Build/Intermediates.noindex/PolyglotReader.build/Debug-iphoneos/PolyglotReader.build/Objects-normal/arm64/PolyglotReader.swiftmodule (in target 'PolyglotReader' from project 'PolyglotReader')
    cd /Users/sergenunlu/Desktop/acil-antigravity/PolyglotReader/polyglotreaderx/PolyglotReader
    builtin-copy -exclude .DS_Store -exclude CVS -exclude .svn -exclude .git -exclude .hg -resolve-src-symlinks -rename /Users/sergenunlu/Library/Developer/Xcode/DerivedData/PolyglotReader-gwklojharaeaydbkqzckxfvzdnfd/Build/Intermediates.noindex/PolyglotReader.build/Debug-iphoneos/PolyglotReader.build/Objects-normal/arm64/PolyglotReader.swiftmodule /Users/sergenunlu/Library/Developer/Xcode/DerivedData/PolyglotReader-gwklojharaeaydbkqzckxfvzdnfd/Build/Products/Debug-iphoneos/PolyglotReader.swiftmodule/arm64-apple-ios.swiftmodule

Ld /Users/sergenunlu/Library/Developer/Xcode/DerivedData/PolyglotReader-gwklojharaeaydbkqzckxfvzdnfd/Build/Products/Debug-iphoneos/PolyglotReader.app/PolyglotReader.debug.dylib normal (in target 'PolyglotReader' from project 'PolyglotReader')
    cd /Users/sergenunlu/Desktop/acil-antigravity/PolyglotReader/polyglotreaderx/PolyglotReader
    /Applications/Xcode.app/Contents/Developer/Toolchains/XcodeDefault.xctoolchain/usr/bin/clang -Xlinker -reproducible -target arm64-apple-ios16.6 -dynamiclib -isysroot /Applications/Xcode.app/Contents/Developer/Platforms/iPhoneOS.platform/Developer/SDKs/iPhoneOS26.2.sdk -O0 -L/Users/sergenunlu/Library/Developer/Xcode/DerivedData/PolyglotReader-gwklojharaeaydbkqzckxfvzdnfd/Build/Intermediates.noindex/EagerLinkingTBDs/Debug-iphoneos -L/Users/sergenunlu/Library/Developer/Xcode/DerivedData/PolyglotReader-gwklojharaeaydbkqzckxfvzdnfd/Build/Products/Debug-iphoneos -F/Users/sergenunlu/Library/Developer/Xcode/DerivedData/PolyglotReader-gwklojharaeaydbkqzckxfvzdnfd/Build/Intermediates.noindex/EagerLinkingTBDs/Debug-iphoneos -F/Users/sergenunlu/Library/Developer/Xcode/DerivedData/PolyglotReader-gwklojharaeaydbkqzckxfvzdnfd/Build/Products/Debug-iphoneos/PackageFrameworks -F/Users/sergenunlu/Library/Developer/Xcode/DerivedData/PolyglotReader-gwklojharaeaydbkqzckxfvzdnfd/Build/Products/Debug-iphoneos/PackageFrameworks -F/Users/sergenunlu/Library/Developer/Xcode/DerivedData/PolyglotReader-gwklojharaeaydbkqzckxfvzdnfd/Build/Products/Debug-iphoneos/PackageFrameworks -F/Users/sergenunlu/Library/Developer/Xcode/DerivedData/PolyglotReader-gwklojharaeaydbkqzckxfvzdnfd/Build/Products/Debug-iphoneos/PackageFrameworks -F/Users/sergenunlu/Library/Developer/Xcode/DerivedData/PolyglotReader-gwklojharaeaydbkqzckxfvzdnfd/Build/Products/Debug-iphoneos/PackageFrameworks -F/Users/sergenunlu/Library/Developer/Xcode/DerivedData/PolyglotReader-gwklojharaeaydbkqzckxfvzdnfd/Build/Products/Debug-iphoneos/PackageFrameworks -F/Users/sergenunlu/Library/Developer/Xcode/DerivedData/PolyglotReader-gwklojharaeaydbkqzckxfvzdnfd/Build/Products/Debug-iphoneos/PackageFrameworks -F/Users/sergenunlu/Library/Developer/Xcode/DerivedData/PolyglotReader-gwklojharaeaydbkqzckxfvzdnfd/Build/Products/Debug-iphoneos/PackageFrameworks -F/Users/sergenunlu/Library/Developer/Xcode/DerivedData/PolyglotReader-gwklojharaeaydbkqzckxfvzdnfd/Build/Products/Debug-iphoneos/PackageFrameworks -F/Users/sergenunlu/Library/Developer/Xcode/DerivedData/PolyglotReader-gwklojharaeaydbkqzckxfvzdnfd/Build/Products/Debug-iphoneos/PackageFrameworks -F/Users/sergenunlu/Library/Developer/Xcode/DerivedData/PolyglotReader-gwklojharaeaydbkqzckxfvzdnfd/Build/Products/Debug-iphoneos/PackageFrameworks -F/Users/sergenunlu/Library/Developer/Xcode/DerivedData/PolyglotReader-gwklojharaeaydbkqzckxfvzdnfd/Build/Products/Debug-iphoneos/PackageFrameworks -F/Users/sergenunlu/Library/Developer/Xcode/DerivedData/PolyglotReader-gwklojharaeaydbkqzckxfvzdnfd/Build/Products/Debug-iphoneos/PackageFrameworks -F/Users/sergenunlu/Library/Developer/Xcode/DerivedData/PolyglotReader-gwklojharaeaydbkqzckxfvzdnfd/Build/Products/Debug-iphoneos/PackageFrameworks -F/Users/sergenunlu/Library/Developer/Xcode/DerivedData/PolyglotReader-gwklojharaeaydbkqzckxfvzdnfd/Build/Products/Debug-iphoneos/PackageFrameworks -F/Users/sergenunlu/Library/Developer/Xcode/DerivedData/PolyglotReader-gwklojharaeaydbkqzckxfvzdnfd/Build/Products/Debug-iphoneos -filelist /Users/sergenunlu/Library/Developer/Xcode/DerivedData/PolyglotReader-gwklojharaeaydbkqzckxfvzdnfd/Build/Intermediates.noindex/PolyglotReader.build/Debug-iphoneos/PolyglotReader.build/Objects-normal/arm64/PolyglotReader.LinkFileList -install_name @rpath/PolyglotReader.debug.dylib -Xlinker -rpath -Xlinker /usr/lib/swift -Xlinker -rpath -Xlinker /Users/sergenunlu/Library/Developer/Xcode/DerivedData/PolyglotReader-gwklojharaeaydbkqzckxfvzdnfd/Build/Products/Debug-iphoneos/PackageFrameworks -Xlinker -rpath -Xlinker @executable_path/Frameworks -dead_strip -Xlinker -object_path_lto -Xlinker /Users/sergenunlu/Library/Developer/Xcode/DerivedData/PolyglotReader-gwklojharaeaydbkqzckxfvzdnfd/Build/Intermediates.noindex/PolyglotReader.build/Debug-iphoneos/PolyglotReader.build/Objects-normal/arm64/PolyglotReader_lto.o -rdynamic -Xlinker -no_deduplicate -Xlinker -dependency_info -Xlinker /Users/sergenunlu/Library/Developer/Xcode/DerivedData/PolyglotReader-gwklojharaeaydbkqzckxfvzdnfd/Build/Intermediates.noindex/PolyglotReader.build/Debug-iphoneos/PolyglotReader.build/Objects-normal/arm64/PolyglotReader_dependency_info.dat -fobjc-link-runtime -L/Applications/Xcode.app/Contents/Developer/Toolchains/XcodeDefault.xctoolchain/usr/lib/swift/iphoneos -L/usr/lib/swift -Xlinker -add_ast_path -Xlinker /Users/sergenunlu/Library/Developer/Xcode/DerivedData/PolyglotReader-gwklojharaeaydbkqzckxfvzdnfd/Build/Intermediates.noindex/PolyglotReader.build/Debug-iphoneos/PolyglotReader.build/Objects-normal/arm64/PolyglotReader.swiftmodule @/Users/sergenunlu/Library/Developer/Xcode/DerivedData/PolyglotReader-gwklojharaeaydbkqzckxfvzdnfd/Build/Intermediates.noindex/PolyglotReader.build/Debug-iphoneos/PolyglotReader.build/Objects-normal/arm64/PolyglotReader-linker-args.resp -Wl,-no_warn_duplicate_libraries -Wl,-no_warn_duplicate_libraries -Wl,-no_warn_duplicate_libraries -Wl,-no_warn_duplicate_libraries -Wl,-no_warn_duplicate_libraries -Wl,-no_warn_duplicate_libraries -Wl,-no_warn_duplicate_libraries -Wl,-no_warn_duplicate_libraries -Wl,-no_warn_duplicate_libraries -Wl,-no_warn_duplicate_libraries -Wl,-no_warn_duplicate_libraries -Wl,-no_warn_duplicate_libraries -Wl,-no_warn_duplicate_libraries -Wl,-no_warn_duplicate_libraries -Wl,-no_warn_duplicate_libraries -Xlinker -alias -Xlinker _main -Xlinker ___debug_main_executable_dylib_entry_point -Xlinker -no_adhoc_codesign -o /Users/sergenunlu/Library/Developer/Xcode/DerivedData/PolyglotReader-gwklojharaeaydbkqzckxfvzdnfd/Build/Products/Debug-iphoneos/PolyglotReader.app/PolyglotReader.debug.dylib -Xlinker -add_ast_path -Xlinker /Users/sergenunlu/Library/Developer/Xcode/DerivedData/PolyglotReader-gwklojharaeaydbkqzckxfvzdnfd/Build/Intermediates.noindex/Supabase.build/Debug-iphoneos/Supabase.build/Objects-normal/arm64/Supabase.swiftmodule @/Users/sergenunlu/Library/Developer/Xcode/DerivedData/PolyglotReader-gwklojharaeaydbkqzckxfvzdnfd/Build/Intermediates.noindex/Supabase.build/Debug-iphoneos/Supabase.build/Objects-normal/arm64/Supabase-linker-args.resp -Xlinker -add_ast_path -Xlinker /Users/sergenunlu/Library/Developer/Xcode/DerivedData/PolyglotReader-gwklojharaeaydbkqzckxfvzdnfd/Build/Intermediates.noindex/Supabase.build/Debug-iphoneos/Functions.build/Objects-normal/arm64/Functions.swiftmodule @/Users/sergenunlu/Library/Developer/Xcode/DerivedData/PolyglotReader-gwklojharaeaydbkqzckxfvzdnfd/Build/Intermediates.noindex/Supabase.build/Debug-iphoneos/Functions.build/Objects-normal/arm64/Functions-linker-args.resp -Xlinker -add_ast_path -Xlinker /Users/sergenunlu/Library/Developer/Xcode/DerivedData/PolyglotReader-gwklojharaeaydbkqzckxfvzdnfd/Build/Intermediates.noindex/Supabase.build/Debug-iphoneos/PostgREST.build/Objects-normal/arm64/PostgREST.swiftmodule @/Users/sergenunlu/Library/Developer/Xcode/DerivedData/PolyglotReader-gwklojharaeaydbkqzckxfvzdnfd/Build/Intermediates.noindex/Supabase.build/Debug-iphoneos/PostgREST.build/Objects-normal/arm64/PostgREST-linker-args.resp -Xlinker -add_ast_path -Xlinker /Users/sergenunlu/Library/Developer/Xcode/DerivedData/PolyglotReader-gwklojharaeaydbkqzckxfvzdnfd/Build/Intermediates.noindex/Supabase.build/Debug-iphoneos/Auth.build/Objects-normal/arm64/Auth.swiftmodule @/Users/sergenunlu/Library/Developer/Xcode/DerivedData/PolyglotReader-gwklojharaeaydbkqzckxfvzdnfd/Build/Intermediates.noindex/Supabase.build/Debug-iphoneos/Auth.build/Objects-normal/arm64/Auth-linker-args.resp -Xlinker -add_ast_path -Xlinker /Users/sergenunlu/Library/Developer/Xcode/DerivedData/PolyglotReader-gwklojharaeaydbkqzckxfvzdnfd/Build/Intermediates.noindex/Supabase.build/Debug-iphoneos/Realtime.build/Objects-normal/arm64/Realtime.swiftmodule @/Users/sergenunlu/Library/Developer/Xcode/DerivedData/PolyglotReader-gwklojharaeaydbkqzckxfvzdnfd/Build/Intermediates.noindex/Supabase.build/Debug-iphoneos/Realtime.build/Objects-normal/arm64/Realtime-linker-args.resp -Xlinker -add_ast_path -Xlinker /Users/sergenunlu/Library/Developer/Xcode/DerivedData/PolyglotReader-gwklojharaeaydbkqzckxfvzdnfd/Build/Intermediates.noindex/Supabase.build/Debug-iphoneos/Storage.build/Objects-normal/arm64/Storage.swiftmodule @/Users/sergenunlu/Library/Developer/Xcode/DerivedData/PolyglotReader-gwklojharaeaydbkqzckxfvzdnfd/Build/Intermediates.noindex/Supabase.build/Debug-iphoneos/Storage.build/Objects-normal/arm64/Storage-linker-args.resp -Xlinker -add_ast_path -Xlinker /Users/sergenunlu/Library/Developer/Xcode/DerivedData/PolyglotReader-gwklojharaeaydbkqzckxfvzdnfd/Build/Intermediates.noindex/swift-concurrency-extras.build/Debug-iphoneos/ConcurrencyExtras.build/Objects-normal/arm64/ConcurrencyExtras.swiftmodule @/Users/sergenunlu/Library/Developer/Xcode/DerivedData/PolyglotReader-gwklojharaeaydbkqzckxfvzdnfd/Build/Intermediates.noindex/swift-concurrency-extras.build/Debug-iphoneos/ConcurrencyExtras.build/Objects-normal/arm64/ConcurrencyExtras-linker-args.resp -Xlinker -add_ast_path -Xlinker /Users/sergenunlu/Library/Developer/Xcode/DerivedData/PolyglotReader-gwklojharaeaydbkqzckxfvzdnfd/Build/Intermediates.noindex/swift-http-types.build/Debug-iphoneos/HTTPTypes.build/Objects-normal/arm64/HTTPTypes.swiftmodule @/Users/sergenunlu/Library/Developer/Xcode/DerivedData/PolyglotReader-gwklojharaeaydbkqzckxfvzdnfd/Build/Intermediates.noindex/swift-http-types.build/Debug-iphoneos/HTTPTypes.build/Objects-normal/arm64/HTTPTypes-linker-args.resp -Xlinker -add_ast_path -Xlinker /Users/sergenunlu/Library/Developer/Xcode/DerivedData/PolyglotReader-gwklojharaeaydbkqzckxfvzdnfd/Build/Intermediates.noindex/swift-clocks.build/Debug-iphoneos/Clocks.build/Objects-normal/arm64/Clocks.swiftmodule @/Users/sergenunlu/Library/Developer/Xcode/DerivedData/PolyglotReader-gwklojharaeaydbkqzckxfvzdnfd/Build/Intermediates.noindex/swift-clocks.build/Debug-iphoneos/Clocks.build/Objects-normal/arm64/Clocks-linker-args.resp -Xlinker -add_ast_path -Xlinker /Users/sergenunlu/Library/Developer/Xcode/DerivedData/PolyglotReader-gwklojharaeaydbkqzckxfvzdnfd/Build/Intermediates.noindex/xctest-dynamic-overlay.build/Debug-iphoneos/IssueReporting.build/Objects-normal/arm64/IssueReporting.swiftmodule @/Users/sergenunlu/Library/Developer/Xcode/DerivedData/PolyglotReader-gwklojharaeaydbkqzckxfvzdnfd/Build/Intermediates.noindex/xctest-dynamic-overlay.build/Debug-iphoneos/IssueReporting.build/Objects-normal/arm64/IssueReporting-linker-args.resp -Xlinker -add_ast_path -Xlinker /Users/sergenunlu/Library/Developer/Xcode/DerivedData/PolyglotReader-gwklojharaeaydbkqzckxfvzdnfd/Build/Intermediates.noindex/xctest-dynamic-overlay.build/Debug-iphoneos/IssueReportingPackageSupport.build/Objects-normal/arm64/IssueReportingPackageSupport.swiftmodule @/Users/sergenunlu/Library/Developer/Xcode/DerivedData/PolyglotReader-gwklojharaeaydbkqzckxfvzdnfd/Build/Intermediates.noindex/xctest-dynamic-overlay.build/Debug-iphoneos/IssueReportingPackageSupport.build/Objects-normal/arm64/IssueReportingPackageSupport-linker-args.resp -Xlinker -add_ast_path -Xlinker /Users/sergenunlu/Library/Developer/Xcode/DerivedData/PolyglotReader-gwklojharaeaydbkqzckxfvzdnfd/Build/Intermediates.noindex/xctest-dynamic-overlay.build/Debug-iphoneos/XCTestDynamicOverlay.build/Objects-normal/arm64/XCTestDynamicOverlay.swiftmodule @/Users/sergenunlu/Library/Developer/Xcode/DerivedData/PolyglotReader-gwklojharaeaydbkqzckxfvzdnfd/Build/Intermediates.noindex/xctest-dynamic-overlay.build/Debug-iphoneos/XCTestDynamicOverlay.build/Objects-normal/arm64/XCTestDynamicOverlay-linker-args.resp -Xlinker -add_ast_path -Xlinker /Users/sergenunlu/Library/Developer/Xcode/DerivedData/PolyglotReader-gwklojharaeaydbkqzckxfvzdnfd/Build/Intermediates.noindex/Supabase.build/Debug-iphoneos/Helpers.build/Objects-normal/arm64/Helpers.swiftmodule @/Users/sergenunlu/Library/Developer/Xcode/DerivedData/PolyglotReader-gwklojharaeaydbkqzckxfvzdnfd/Build/Intermediates.noindex/Supabase.build/Debug-iphoneos/Helpers.build/Objects-normal/arm64/Helpers-linker-args.resp -Xlinker -add_ast_path -Xlinker /Users/sergenunlu/Library/Developer/Xcode/DerivedData/PolyglotReader-gwklojharaeaydbkqzckxfvzdnfd/Build/Intermediates.noindex/swift-crypto.build/Debug-iphoneos/Crypto.build/Objects-normal/arm64/Crypto.swiftmodule @/Users/sergenunlu/Library/Developer/Xcode/DerivedData/PolyglotReader-gwklojharaeaydbkqzckxfvzdnfd/Build/Intermediates.noindex/swift-crypto.build/Debug-iphoneos/Crypto.build/Objects-normal/arm64/Crypto-linker-args.resp -Xlinker -add_ast_path -Xlinker /Users/sergenunlu/Library/Developer/Xcode/DerivedData/PolyglotReader-gwklojharaeaydbkqzckxfvzdnfd/Build/Intermediates.noindex/generative-ai-swift.build/Debug-iphoneos/GoogleGenerativeAI.build/Objects-normal/arm64/GoogleGenerativeAI.swiftmodule @/Users/sergenunlu/Library/Developer/Xcode/DerivedData/PolyglotReader-gwklojharaeaydbkqzckxfvzdnfd/Build/Intermediates.noindex/generative-ai-swift.build/Debug-iphoneos/GoogleGenerativeAI.build/Objects-normal/arm64/GoogleGenerativeAI-linker-args.resp

ConstructStubExecutorLinkFileList /Users/sergenunlu/Library/Developer/Xcode/DerivedData/PolyglotReader-gwklojharaeaydbkqzckxfvzdnfd/Build/Intermediates.noindex/PolyglotReader.build/Debug-iphoneos/PolyglotReader.build/PolyglotReader-ExecutorLinkFileList-normal-arm64.txt (in target 'PolyglotReader' from project 'PolyglotReader')
    cd /Users/sergenunlu/Desktop/acil-antigravity/PolyglotReader/polyglotreaderx/PolyglotReader
    construct-stub-executor-link-file-list /Users/sergenunlu/Library/Developer/Xcode/DerivedData/PolyglotReader-gwklojharaeaydbkqzckxfvzdnfd/Build/Products/Debug-iphoneos/PolyglotReader.app/PolyglotReader.debug.dylib /Applications/Xcode.app/Contents/Developer/Platforms/iPhoneOS.platform/Developer/usr/lib/libPreviewsJITStubExecutor_no_swift_entry_point.a /Applications/Xcode.app/Contents/Developer/Platforms/iPhoneOS.platform/Developer/usr/lib/libPreviewsJITStubExecutor.a --output /Users/sergenunlu/Library/Developer/Xcode/DerivedData/PolyglotReader-gwklojharaeaydbkqzckxfvzdnfd/Build/Intermediates.noindex/PolyglotReader.build/Debug-iphoneos/PolyglotReader.build/PolyglotReader-ExecutorLinkFileList-normal-arm64.txt
note: Using stub executor library with Swift entry point. (in target 'PolyglotReader' from project 'PolyglotReader')

Ld /Users/sergenunlu/Library/Developer/Xcode/DerivedData/PolyglotReader-gwklojharaeaydbkqzckxfvzdnfd/Build/Products/Debug-iphoneos/PolyglotReader.app/PolyglotReader normal (in target 'PolyglotReader' from project 'PolyglotReader')
    cd /Users/sergenunlu/Desktop/acil-antigravity/PolyglotReader/polyglotreaderx/PolyglotReader
    /Applications/Xcode.app/Contents/Developer/Toolchains/XcodeDefault.xctoolchain/usr/bin/clang -Xlinker -reproducible -target arm64-apple-ios16.6 -isysroot /Applications/Xcode.app/Contents/Developer/Platforms/iPhoneOS.platform/Developer/SDKs/iPhoneOS26.2.sdk -O0 -L/Users/sergenunlu/Library/Developer/Xcode/DerivedData/PolyglotReader-gwklojharaeaydbkqzckxfvzdnfd/Build/Products/Debug-iphoneos -F/Users/sergenunlu/Library/Developer/Xcode/DerivedData/PolyglotReader-gwklojharaeaydbkqzckxfvzdnfd/Build/Products/Debug-iphoneos/PackageFrameworks -F/Users/sergenunlu/Library/Developer/Xcode/DerivedData/PolyglotReader-gwklojharaeaydbkqzckxfvzdnfd/Build/Products/Debug-iphoneos/PackageFrameworks -F/Users/sergenunlu/Library/Developer/Xcode/DerivedData/PolyglotReader-gwklojharaeaydbkqzckxfvzdnfd/Build/Products/Debug-iphoneos/PackageFrameworks -F/Users/sergenunlu/Library/Developer/Xcode/DerivedData/PolyglotReader-gwklojharaeaydbkqzckxfvzdnfd/Build/Products/Debug-iphoneos/PackageFrameworks -F/Users/sergenunlu/Library/Developer/Xcode/DerivedData/PolyglotReader-gwklojharaeaydbkqzckxfvzdnfd/Build/Products/Debug-iphoneos/PackageFrameworks -F/Users/sergenunlu/Library/Developer/Xcode/DerivedData/PolyglotReader-gwklojharaeaydbkqzckxfvzdnfd/Build/Products/Debug-iphoneos/PackageFrameworks -F/Users/sergenunlu/Library/Developer/Xcode/DerivedData/PolyglotReader-gwklojharaeaydbkqzckxfvzdnfd/Build/Products/Debug-iphoneos/PackageFrameworks -F/Users/sergenunlu/Library/Developer/Xcode/DerivedData/PolyglotReader-gwklojharaeaydbkqzckxfvzdnfd/Build/Products/Debug-iphoneos/PackageFrameworks -F/Users/sergenunlu/Library/Developer/Xcode/DerivedData/PolyglotReader-gwklojharaeaydbkqzckxfvzdnfd/Build/Products/Debug-iphoneos/PackageFrameworks -F/Users/sergenunlu/Library/Developer/Xcode/DerivedData/PolyglotReader-gwklojharaeaydbkqzckxfvzdnfd/Build/Products/Debug-iphoneos/PackageFrameworks -F/Users/sergenunlu/Library/Developer/Xcode/DerivedData/PolyglotReader-gwklojharaeaydbkqzckxfvzdnfd/Build/Products/Debug-iphoneos/PackageFrameworks -F/Users/sergenunlu/Library/Developer/Xcode/DerivedData/PolyglotReader-gwklojharaeaydbkqzckxfvzdnfd/Build/Products/Debug-iphoneos/PackageFrameworks -F/Users/sergenunlu/Library/Developer/Xcode/DerivedData/PolyglotReader-gwklojharaeaydbkqzckxfvzdnfd/Build/Products/Debug-iphoneos/PackageFrameworks -F/Users/sergenunlu/Library/Developer/Xcode/DerivedData/PolyglotReader-gwklojharaeaydbkqzckxfvzdnfd/Build/Products/Debug-iphoneos/PackageFrameworks -F/Users/sergenunlu/Library/Developer/Xcode/DerivedData/PolyglotReader-gwklojharaeaydbkqzckxfvzdnfd/Build/Products/Debug-iphoneos/PackageFrameworks -F/Users/sergenunlu/Library/Developer/Xcode/DerivedData/PolyglotReader-gwklojharaeaydbkqzckxfvzdnfd/Build/Products/Debug-iphoneos -Xlinker -rpath -Xlinker @executable_path -Xlinker -rpath -Xlinker /Users/sergenunlu/Library/Developer/Xcode/DerivedData/PolyglotReader-gwklojharaeaydbkqzckxfvzdnfd/Build/Products/Debug-iphoneos/PackageFrameworks -Xlinker -rpath -Xlinker @executable_path/Frameworks -rdynamic -Xlinker -no_deduplicate -e ___debug_blank_executor_main -Xlinker -sectcreate -Xlinker __TEXT -Xlinker __debug_dylib -Xlinker /Users/sergenunlu/Library/Developer/Xcode/DerivedData/PolyglotReader-gwklojharaeaydbkqzckxfvzdnfd/Build/Intermediates.noindex/PolyglotReader.build/Debug-iphoneos/PolyglotReader.build/PolyglotReader-DebugDylibPath-normal-arm64.txt -Xlinker -sectcreate -Xlinker __TEXT -Xlinker __debug_instlnm -Xlinker /Users/sergenunlu/Library/Developer/Xcode/DerivedData/PolyglotReader-gwklojharaeaydbkqzckxfvzdnfd/Build/Intermediates.noindex/PolyglotReader.build/Debug-iphoneos/PolyglotReader.build/PolyglotReader-DebugDylibInstallName-normal-arm64.txt -Xlinker -filelist -Xlinker /Users/sergenunlu/Library/Developer/Xcode/DerivedData/PolyglotReader-gwklojharaeaydbkqzckxfvzdnfd/Build/Intermediates.noindex/PolyglotReader.build/Debug-iphoneos/PolyglotReader.build/PolyglotReader-ExecutorLinkFileList-normal-arm64.txt /Users/sergenunlu/Library/Developer/Xcode/DerivedData/PolyglotReader-gwklojharaeaydbkqzckxfvzdnfd/Build/Products/Debug-iphoneos/PolyglotReader.app/PolyglotReader.debug.dylib -Xlinker -no_adhoc_codesign -o /Users/sergenunlu/Library/Developer/Xcode/DerivedData/PolyglotReader-gwklojharaeaydbkqzckxfvzdnfd/Build/Products/Debug-iphoneos/PolyglotReader.app/PolyglotReader

ExtractAppIntentsMetadata (in target 'PolyglotReader' from project 'PolyglotReader')
    cd /Users/sergenunlu/Desktop/acil-antigravity/PolyglotReader/polyglotreaderx/PolyglotReader
    /Applications/Xcode.app/Contents/Developer/Toolchains/XcodeDefault.xctoolchain/usr/bin/appintentsmetadataprocessor --toolchain-dir /Applications/Xcode.app/Contents/Developer/Toolchains/XcodeDefault.xctoolchain --module-name PolyglotReader --sdk-root /Applications/Xcode.app/Contents/Developer/Platforms/iPhoneOS.platform/Developer/SDKs/iPhoneOS26.2.sdk --xcode-version 17C52 --platform-family iOS --deployment-target 16.6 --bundle-identifier com.PolyglotReader --output /Users/sergenunlu/Library/Developer/Xcode/DerivedData/PolyglotReader-gwklojharaeaydbkqzckxfvzdnfd/Build/Products/Debug-iphoneos/PolyglotReader.app --target-triple arm64-apple-ios16.6 --binary-file /Users/sergenunlu/Library/Developer/Xcode/DerivedData/PolyglotReader-gwklojharaeaydbkqzckxfvzdnfd/Build/Products/Debug-iphoneos/PolyglotReader.app/PolyglotReader --dependency-file /Users/sergenunlu/Library/Developer/Xcode/DerivedData/PolyglotReader-gwklojharaeaydbkqzckxfvzdnfd/Build/Intermediates.noindex/PolyglotReader.build/Debug-iphoneos/PolyglotReader.build/Objects-normal/arm64/PolyglotReader_dependency_info.dat --stringsdata-file /Users/sergenunlu/Library/Developer/Xcode/DerivedData/PolyglotReader-gwklojharaeaydbkqzckxfvzdnfd/Build/Intermediates.noindex/PolyglotReader.build/Debug-iphoneos/PolyglotReader.build/Objects-normal/arm64/ExtractedAppShortcutsMetadata.stringsdata --source-file-list /Users/sergenunlu/Library/Developer/Xcode/DerivedData/PolyglotReader-gwklojharaeaydbkqzckxfvzdnfd/Build/Intermediates.noindex/PolyglotReader.build/Debug-iphoneos/PolyglotReader.build/Objects-normal/arm64/PolyglotReader.SwiftFileList --metadata-file-list /Users/sergenunlu/Library/Developer/Xcode/DerivedData/PolyglotReader-gwklojharaeaydbkqzckxfvzdnfd/Build/Intermediates.noindex/PolyglotReader.build/Debug-iphoneos/PolyglotReader.build/PolyglotReader.DependencyMetadataFileList --static-metadata-file-list /Users/sergenunlu/Library/Developer/Xcode/DerivedData/PolyglotReader-gwklojharaeaydbkqzckxfvzdnfd/Build/Intermediates.noindex/PolyglotReader.build/Debug-iphoneos/PolyglotReader.build/PolyglotReader.DependencyStaticMetadataFileList --swift-const-vals-list /Users/sergenunlu/Library/Developer/Xcode/DerivedData/PolyglotReader-gwklojharaeaydbkqzckxfvzdnfd/Build/Intermediates.noindex/PolyglotReader.build/Debug-iphoneos/PolyglotReader.build/Objects-normal/arm64/PolyglotReader.SwiftConstValuesFileList --compile-time-extraction --deployment-aware-processing --validate-assistant-intents --no-app-shortcuts-localization
2025-12-25 00:33:45.826 appintentsmetadataprocessor[53565:279610] Starting appintentsmetadataprocessor export
2025-12-25 00:33:45.827 appintentsmetadataprocessor[53565:279610] warning: Metadata extraction skipped. No AppIntents.framework dependency found.

CopySwiftLibs /Users/sergenunlu/Library/Developer/Xcode/DerivedData/PolyglotReader-gwklojharaeaydbkqzckxfvzdnfd/Build/Products/Debug-iphoneos/PolyglotReader.app (in target 'PolyglotReader' from project 'PolyglotReader')
    cd /Users/sergenunlu/Desktop/acil-antigravity/PolyglotReader/polyglotreaderx/PolyglotReader
    builtin-swiftStdLibTool --copy --verbose --sign 71415E49CDB9BB256B3F2EB80B6C6F1CE65D20A3 --scan-executable /Users/sergenunlu/Library/Developer/Xcode/DerivedData/PolyglotReader-gwklojharaeaydbkqzckxfvzdnfd/Build/Products/Debug-iphoneos/PolyglotReader.app/PolyglotReader.debug.dylib --scan-folder /Users/sergenunlu/Library/Developer/Xcode/DerivedData/PolyglotReader-gwklojharaeaydbkqzckxfvzdnfd/Build/Products/Debug-iphoneos/PolyglotReader.app/Frameworks --scan-folder /Users/sergenunlu/Library/Developer/Xcode/DerivedData/PolyglotReader-gwklojharaeaydbkqzckxfvzdnfd/Build/Products/Debug-iphoneos/PolyglotReader.app/PlugIns --scan-folder /Users/sergenunlu/Library/Developer/Xcode/DerivedData/PolyglotReader-gwklojharaeaydbkqzckxfvzdnfd/Build/Products/Debug-iphoneos/PolyglotReader.app/SystemExtensions --scan-folder /Users/sergenunlu/Library/Developer/Xcode/DerivedData/PolyglotReader-gwklojharaeaydbkqzckxfvzdnfd/Build/Products/Debug-iphoneos/PolyglotReader.app/Extensions --platform iphoneos --toolchain /Applications/Xcode.app/Contents/Developer/Toolchains/XcodeDefault.xctoolchain --destination /Users/sergenunlu/Library/Developer/Xcode/DerivedData/PolyglotReader-gwklojharaeaydbkqzckxfvzdnfd/Build/Products/Debug-iphoneos/PolyglotReader.app/Frameworks --strip-bitcode --strip-bitcode-tool /Applications/Xcode.app/Contents/Developer/Toolchains/XcodeDefault.xctoolchain/usr/bin/bitcode_strip --emit-dependency-info /Users/sergenunlu/Library/Developer/Xcode/DerivedData/PolyglotReader-gwklojharaeaydbkqzckxfvzdnfd/Build/Intermediates.noindex/PolyglotReader.build/Debug-iphoneos/PolyglotReader.build/SwiftStdLibToolInputDependencies.dep --filter-for-swift-os --back-deploy-swift-span

Copy /Users/sergenunlu/Library/Developer/Xcode/DerivedData/PolyglotReader-gwklojharaeaydbkqzckxfvzdnfd/Build/Products/Debug-iphoneos/PolyglotReader.app/swift-crypto_Crypto.bundle /Users/sergenunlu/Library/Developer/Xcode/DerivedData/PolyglotReader-gwklojharaeaydbkqzckxfvzdnfd/Build/Products/Debug-iphoneos/swift-crypto_Crypto.bundle (in target 'PolyglotReader' from project 'PolyglotReader')
    cd /Users/sergenunlu/Desktop/acil-antigravity/PolyglotReader/polyglotreaderx/PolyglotReader
    builtin-copy -exclude .DS_Store -exclude CVS -exclude .svn -exclude .git -exclude .hg -resolve-src-symlinks /Users/sergenunlu/Library/Developer/Xcode/DerivedData/PolyglotReader-gwklojharaeaydbkqzckxfvzdnfd/Build/Products/Debug-iphoneos/swift-crypto_Crypto.bundle /Users/sergenunlu/Library/Developer/Xcode/DerivedData/PolyglotReader-gwklojharaeaydbkqzckxfvzdnfd/Build/Products/Debug-iphoneos/PolyglotReader.app

ProcessInfoPlistFile /Users/sergenunlu/Library/Developer/Xcode/DerivedData/PolyglotReader-gwklojharaeaydbkqzckxfvzdnfd/Build/Products/Debug-iphoneos/PolyglotReader.app/Info.plist /Users/sergenunlu/Desktop/acil-antigravity/PolyglotReader/polyglotreaderx/PolyglotReader/PolyglotReader/Info.plist (in target 'PolyglotReader' from project 'PolyglotReader')
    cd /Users/sergenunlu/Desktop/acil-antigravity/PolyglotReader/polyglotreaderx/PolyglotReader
    builtin-infoPlistUtility /Users/sergenunlu/Desktop/acil-antigravity/PolyglotReader/polyglotreaderx/PolyglotReader/PolyglotReader/Info.plist -producttype com.apple.product-type.application -genpkginfo /Users/sergenunlu/Library/Developer/Xcode/DerivedData/PolyglotReader-gwklojharaeaydbkqzckxfvzdnfd/Build/Products/Debug-iphoneos/PolyglotReader.app/PkgInfo -expandbuildsettings -format binary -platform iphoneos -additionalcontentfile /Users/sergenunlu/Library/Developer/Xcode/DerivedData/PolyglotReader-gwklojharaeaydbkqzckxfvzdnfd/Build/Intermediates.noindex/PolyglotReader.build/Debug-iphoneos/PolyglotReader.build/assetcatalog_generated_info.plist -scanforprivacyfile /Users/sergenunlu/Library/Developer/Xcode/DerivedData/PolyglotReader-gwklojharaeaydbkqzckxfvzdnfd/Build/Products/Debug-iphoneos/PolyglotReader.app/swift-crypto_Crypto.bundle -requiredArchitecture arm64 -o /Users/sergenunlu/Library/Developer/Xcode/DerivedData/PolyglotReader-gwklojharaeaydbkqzckxfvzdnfd/Build/Products/Debug-iphoneos/PolyglotReader.app/Info.plist

CodeSign /Users/sergenunlu/Library/Developer/Xcode/DerivedData/PolyglotReader-gwklojharaeaydbkqzckxfvzdnfd/Build/Products/Debug-iphoneos/PolyglotReader.app/PolyglotReader.debug.dylib (in target 'PolyglotReader' from project 'PolyglotReader')
    cd /Users/sergenunlu/Desktop/acil-antigravity/PolyglotReader/polyglotreaderx/PolyglotReader
    
    Signing Identity:     "Apple Development: srgnunlu@icloud.com (PQ27WLK4VA)"
    Provisioning Profile: "iOS Team Provisioning Profile: com.PolyglotReader"
                          (4965b86e-da6e-4580-95ec-d7c3eb2c2428)
    
    /usr/bin/codesign --force --sign 71415E49CDB9BB256B3F2EB80B6C6F1CE65D20A3 --timestamp\=none --generate-entitlement-der /Users/sergenunlu/Library/Developer/Xcode/DerivedData/PolyglotReader-gwklojharaeaydbkqzckxfvzdnfd/Build/Products/Debug-iphoneos/PolyglotReader.app/PolyglotReader.debug.dylib

CodeSign /Users/sergenunlu/Library/Developer/Xcode/DerivedData/PolyglotReader-gwklojharaeaydbkqzckxfvzdnfd/Build/Products/Debug-iphoneos/PolyglotReader.app/__preview.dylib (in target 'PolyglotReader' from project 'PolyglotReader')
    cd /Users/sergenunlu/Desktop/acil-antigravity/PolyglotReader/polyglotreaderx/PolyglotReader
    
    Signing Identity:     "Apple Development: srgnunlu@icloud.com (PQ27WLK4VA)"
    Provisioning Profile: "iOS Team Provisioning Profile: com.PolyglotReader"
                          (4965b86e-da6e-4580-95ec-d7c3eb2c2428)
    
    /usr/bin/codesign --force --sign 71415E49CDB9BB256B3F2EB80B6C6F1CE65D20A3 --timestamp\=none --generate-entitlement-der /Users/sergenunlu/Library/Developer/Xcode/DerivedData/PolyglotReader-gwklojharaeaydbkqzckxfvzdnfd/Build/Products/Debug-iphoneos/PolyglotReader.app/__preview.dylib

CodeSign /Users/sergenunlu/Library/Developer/Xcode/DerivedData/PolyglotReader-gwklojharaeaydbkqzckxfvzdnfd/Build/Products/Debug-iphoneos/PolyglotReader.app (in target 'PolyglotReader' from project 'PolyglotReader')
    cd /Users/sergenunlu/Desktop/acil-antigravity/PolyglotReader/polyglotreaderx/PolyglotReader
    
    Signing Identity:     "Apple Development: srgnunlu@icloud.com (PQ27WLK4VA)"
    Provisioning Profile: "iOS Team Provisioning Profile: com.PolyglotReader"
                          (4965b86e-da6e-4580-95ec-d7c3eb2c2428)
    
    /usr/bin/codesign --force --sign 71415E49CDB9BB256B3F2EB80B6C6F1CE65D20A3 --entitlements /Users/sergenunlu/Library/Developer/Xcode/DerivedData/PolyglotReader-gwklojharaeaydbkqzckxfvzdnfd/Build/Intermediates.noindex/PolyglotReader.build/Debug-iphoneos/PolyglotReader.build/PolyglotReader.app.xcent --timestamp\=none --generate-entitlement-der /Users/sergenunlu/Library/Developer/Xcode/DerivedData/PolyglotReader-gwklojharaeaydbkqzckxfvzdnfd/Build/Products/Debug-iphoneos/PolyglotReader.app

Validate /Users/sergenunlu/Library/Developer/Xcode/DerivedData/PolyglotReader-gwklojharaeaydbkqzckxfvzdnfd/Build/Products/Debug-iphoneos/PolyglotReader.app (in target 'PolyglotReader' from project 'PolyglotReader')
    cd /Users/sergenunlu/Desktop/acil-antigravity/PolyglotReader/polyglotreaderx/PolyglotReader
    builtin-validationUtility /Users/sergenunlu/Library/Developer/Xcode/DerivedData/PolyglotReader-gwklojharaeaydbkqzckxfvzdnfd/Build/Products/Debug-iphoneos/PolyglotReader.app -shallow-bundle -infoplist-subpath Info.plist

** BUILD SUCCEEDED **

